Archive member included to satisfy reference by file (symbol)

/home/li/Documents/tspi-linux-amp-sdk/prebuilts/gcc/linux-x86/arm/gcc-arm-none-eabi-10-2020-q4-major-x86_64-linux/bin/../lib/gcc/arm-none-eabi/10.2.1/../../../../arm-none-eabi/lib/thumb/v8-a+simd/hard/libc.a(lib_a-atoi.o)
                              build/kernel/components/finsh/finsh_token.o (atoi)
/home/li/Documents/tspi-linux-amp-sdk/prebuilts/gcc/linux-x86/arm/gcc-arm-none-eabi-10-2020-q4-major-x86_64-linux/bin/../lib/gcc/arm-none-eabi/10.2.1/../../../../arm-none-eabi/lib/thumb/v8-a+simd/hard/libc.a(lib_a-fclose.o)
                              build/kernel/components/libc/compilers/newlib/stdio.o (fclose)
/home/li/Documents/tspi-linux-amp-sdk/prebuilts/gcc/linux-x86/arm/gcc-arm-none-eabi-10-2020-q4-major-x86_64-linux/bin/../lib/gcc/arm-none-eabi/10.2.1/../../../../arm-none-eabi/lib/thumb/v8-a+simd/hard/libc.a(lib_a-fflush.o)
                              /home/li/Documents/tspi-linux-amp-sdk/prebuilts/gcc/linux-x86/arm/gcc-arm-none-eabi-10-2020-q4-major-x86_64-linux/bin/../lib/gcc/arm-none-eabi/10.2.1/../../../../arm-none-eabi/lib/thumb/v8-a+simd/hard/libc.a(lib_a-fclose.o) (__sflush_r)
/home/li/Documents/tspi-linux-amp-sdk/prebuilts/gcc/linux-x86/arm/gcc-arm-none-eabi-10-2020-q4-major-x86_64-linux/bin/../lib/gcc/arm-none-eabi/10.2.1/../../../../arm-none-eabi/lib/thumb/v8-a+simd/hard/libc.a(lib_a-fileno.o)
                              build/kernel/components/libc/compilers/newlib/stdio.o (fileno)
/home/li/Documents/tspi-linux-amp-sdk/prebuilts/gcc/linux-x86/arm/gcc-arm-none-eabi-10-2020-q4-major-x86_64-linux/bin/../lib/gcc/arm-none-eabi/10.2.1/../../../../arm-none-eabi/lib/thumb/v8-a+simd/hard/libc.a(lib_a-findfp.o)
                              /home/li/Documents/tspi-linux-amp-sdk/prebuilts/gcc/linux-x86/arm/gcc-arm-none-eabi-10-2020-q4-major-x86_64-linux/bin/../lib/gcc/arm-none-eabi/10.2.1/../../../../arm-none-eabi/lib/thumb/v8-a+simd/hard/libc.a(lib_a-fclose.o) (__sinit)
/home/li/Documents/tspi-linux-amp-sdk/prebuilts/gcc/linux-x86/arm/gcc-arm-none-eabi-10-2020-q4-major-x86_64-linux/bin/../lib/gcc/arm-none-eabi/10.2.1/../../../../arm-none-eabi/lib/thumb/v8-a+simd/hard/libc.a(lib_a-fopen.o)
                              build/kernel/components/libc/compilers/newlib/stdio.o (fopen)
/home/li/Documents/tspi-linux-amp-sdk/prebuilts/gcc/linux-x86/arm/gcc-arm-none-eabi-10-2020-q4-major-x86_64-linux/bin/../lib/gcc/arm-none-eabi/10.2.1/../../../../arm-none-eabi/lib/thumb/v8-a+simd/hard/libc.a(lib_a-fseek.o)
                              /home/li/Documents/tspi-linux-amp-sdk/prebuilts/gcc/linux-x86/arm/gcc-arm-none-eabi-10-2020-q4-major-x86_64-linux/bin/../lib/gcc/arm-none-eabi/10.2.1/../../../../arm-none-eabi/lib/thumb/v8-a+simd/hard/libc.a(lib_a-fopen.o) (_fseek_r)
/home/li/Documents/tspi-linux-amp-sdk/prebuilts/gcc/linux-x86/arm/gcc-arm-none-eabi-10-2020-q4-major-x86_64-linux/bin/../lib/gcc/arm-none-eabi/10.2.1/../../../../arm-none-eabi/lib/thumb/v8-a+simd/hard/libc.a(lib_a-fseeko.o)
                              /home/li/Documents/tspi-linux-amp-sdk/prebuilts/gcc/linux-x86/arm/gcc-arm-none-eabi-10-2020-q4-major-x86_64-linux/bin/../lib/gcc/arm-none-eabi/10.2.1/../../../../arm-none-eabi/lib/thumb/v8-a+simd/hard/libc.a(lib_a-fseek.o) (_fseeko_r)
/home/li/Documents/tspi-linux-amp-sdk/prebuilts/gcc/linux-x86/arm/gcc-arm-none-eabi-10-2020-q4-major-x86_64-linux/bin/../lib/gcc/arm-none-eabi/10.2.1/../../../../arm-none-eabi/lib/thumb/v8-a+simd/hard/libc.a(lib_a-ftello.o)
                              /home/li/Documents/tspi-linux-amp-sdk/prebuilts/gcc/linux-x86/arm/gcc-arm-none-eabi-10-2020-q4-major-x86_64-linux/bin/../lib/gcc/arm-none-eabi/10.2.1/../../../../arm-none-eabi/lib/thumb/v8-a+simd/hard/libc.a(lib_a-fseeko.o) (_ftello_r)
/home/li/Documents/tspi-linux-amp-sdk/prebuilts/gcc/linux-x86/arm/gcc-arm-none-eabi-10-2020-q4-major-x86_64-linux/bin/../lib/gcc/arm-none-eabi/10.2.1/../../../../arm-none-eabi/lib/thumb/v8-a+simd/hard/libc.a(lib_a-fwalk.o)
                              /home/li/Documents/tspi-linux-amp-sdk/prebuilts/gcc/linux-x86/arm/gcc-arm-none-eabi-10-2020-q4-major-x86_64-linux/bin/../lib/gcc/arm-none-eabi/10.2.1/../../../../arm-none-eabi/lib/thumb/v8-a+simd/hard/libc.a(lib_a-findfp.o) (_fwalk)
/home/li/Documents/tspi-linux-amp-sdk/prebuilts/gcc/linux-x86/arm/gcc-arm-none-eabi-10-2020-q4-major-x86_64-linux/bin/../lib/gcc/arm-none-eabi/10.2.1/../../../../arm-none-eabi/lib/thumb/v8-a+simd/hard/libc.a(lib_a-getchar.o)
                              build/kernel/components/finsh/shell.o (getchar)
/home/li/Documents/tspi-linux-amp-sdk/prebuilts/gcc/linux-x86/arm/gcc-arm-none-eabi-10-2020-q4-major-x86_64-linux/bin/../lib/gcc/arm-none-eabi/10.2.1/../../../../arm-none-eabi/lib/thumb/v8-a+simd/hard/libc.a(lib_a-getopt.o)
                              build/common/drivers/io.o (getopt)
[...]
Memory Configuration

Name             Origin             Length             Attributes
SRAM             0x0000000008100000 0x0000000000010000 xrw
DRAM             0x0000000003000000 0x0000000000800000 xrw
SHMEM            0x0000000007800000 0x0000000000400000 xrw
LINUX_RPMSG      0x0000000007c00000 0x0000000000500000 xrw
*default*        0x0000000000000000 0xffffffffffffffff

Linker script and memory map

LOAD /home/li/Documents/tspi-linux-amp-sdk/prebuilts/gcc/linux-x86/arm/gcc-arm-none-eabi-10-2020-q4-major-x86_64-linux/bin/../lib/gcc/arm-none-eabi/10.2.1/../../../../arm-none-eabi/lib/thumb/v8-a+simd/hard/libm.a
LOAD /home/li/Documents/tspi-linux-amp-sdk/prebuilts/gcc/linux-x86/arm/gcc-arm-none-eabi-10-2020-q4-major-x86_64-linux/bin/../lib/gcc/arm-none-eabi/10.2.1/thumb/v8-a+simd/hard/libgcc.a
LOAD /home/li/Documents/tspi-linux-amp-sdk/prebuilts/gcc/linux-x86/arm/gcc-arm-none-eabi-10-2020-q4-major-x86_64-linux/bin/../lib/gcc/arm-none-eabi/10.2.1/../../../../arm-none-eabi/lib/thumb/v8-a+simd/hard/libc.a
LOAD build/common/hal/hal/lib/CMSIS/Device/RK3568/Source/Templates/mmu_rk3568.o
LOAD build/common/hal/hal/lib/CMSIS/Device/RK3568/Source/Templates/system_rk3568.o
LOAD build/common/hal/hal/lib/hal/src/hal_acdcdig.o
LOAD build/common/hal/hal/lib/hal/src/hal_acdcdigv2.o
LOAD build/common/hal/hal/lib/hal/src/hal_audiopwm.o
LOAD build/common/hal/hal/lib/hal/src/hal_base.o
LOAD build/common/hal/hal/lib/hal/src/hal_base_ex.o
LOAD build/common/hal/hal/lib/hal/src/hal_bufmgr.o
LOAD build/common/hal/hal/lib/hal/src/hal_cache.o
LOAD build/common/hal/hal/lib/hal/src/hal_cache_ecc.o
LOAD build/common/hal/hal/lib/hal/src/hal_canfd.o
LOAD build/common/hal/hal/lib/hal/src/hal_ckcal.o
LOAD build/common/hal/hal/lib/hal/src/hal_cpu_topology.o
LOAD build/common/hal/hal/lib/hal/src/hal_ddr_ecc.o
LOAD build/common/hal/hal/lib/hal/src/hal_debug.o
LOAD build/common/hal/hal/lib/hal/src/hal_demo.o
LOAD build/common/hal/hal/lib/hal/src/hal_dwdma.o
LOAD build/common/hal/hal/lib/hal/src/hal_efuse.o
LOAD build/common/hal/hal/lib/hal/src/hal_ehci.o
LOAD build/common/hal/hal/lib/hal/src/hal_ehci_iso.o
LOAD build/common/hal/hal/lib/hal/src/hal_fspi.o
LOAD build/common/hal/hal/lib/hal/src/hal_gic.o
LOAD build/common/hal/hal/lib/hal/src/hal_gpio.o
LOAD build/common/hal/hal/lib/hal/src/hal_gpio_irq_group.o
LOAD build/common/hal/hal/lib/hal/src/hal_hcd.o
LOAD build/common/hal/hal/lib/hal/src/hal_hwspinlock.o
LOAD build/common/hal/hal/lib/hal/src/hal_hyperpsram.o
LOAD build/common/hal/hal/lib/hal/src/hal_i2c.o
LOAD build/common/hal/hal/lib/hal/src/hal_i2s.o
LOAD build/common/hal/hal/lib/hal/src/hal_i2stdm.o
LOAD build/common/hal/hal/lib/hal/src/hal_intmux.o
LOAD build/common/hal/hal/lib/hal/src/hal_irq_handler.o
LOAD build/common/hal/hal/lib/hal/src/hal_keyctrl.o
LOAD build/common/hal/hal/lib/hal/src/hal_mbox.o
LOAD build/common/hal/hal/lib/hal/src/hal_nvic.o
LOAD build/common/hal/hal/lib/hal/src/hal_ohci.o
LOAD build/common/hal/hal/lib/hal/src/hal_pcd.o
LOAD build/common/hal/hal/lib/hal/src/hal_pcd_ex.o
LOAD build/common/hal/hal/lib/hal/src/hal_pci_core.o
LOAD build/common/hal/hal/lib/hal/src/hal_pcie.o
LOAD build/common/hal/hal/lib/hal/src/hal_pd.o
LOAD build/common/hal/hal/lib/hal/src/hal_pdm.o
LOAD build/common/hal/hal/lib/hal/src/hal_pl330.o
LOAD build/common/hal/hal/lib/hal/src/hal_pvtm.o
LOAD build/common/hal/hal/lib/hal/src/hal_pwm.o
LOAD build/common/hal/hal/lib/hal/src/hal_pwr.o
LOAD build/common/hal/hal/lib/hal/src/hal_qpipsram.o
LOAD build/common/hal/hal/lib/hal/src/hal_riscvic.o
LOAD build/common/hal/hal/lib/hal/src/hal_saradc.o
LOAD build/common/hal/hal/lib/hal/src/hal_sdio.o
LOAD build/common/hal/hal/lib/hal/src/hal_sfc.o
LOAD build/common/hal/hal/lib/hal/src/hal_smccc.o
LOAD build/common/hal/hal/lib/hal/src/hal_snor.o
LOAD build/common/hal/hal/lib/hal/src/hal_spi.o
LOAD build/common/hal/hal/lib/hal/src/hal_spi2apb.o
LOAD build/common/hal/hal/lib/hal/src/hal_spinand.o
LOAD build/common/hal/hal/lib/hal/src/hal_spinlock.o
LOAD build/common/hal/hal/lib/hal/src/hal_systick.o
LOAD build/common/hal/hal/lib/hal/src/hal_timer.o
LOAD build/common/hal/hal/lib/hal/src/hal_touchkey.o
LOAD build/common/hal/hal/lib/hal/src/hal_tsadc.o
LOAD build/common/hal/hal/lib/hal/src/hal_uart.o
LOAD build/common/hal/hal/lib/hal/src/hal_usb_core.o
LOAD build/common/hal/hal/lib/hal/src/hal_usb_phy.o
LOAD build/common/hal/hal/lib/hal/src/hal_usbh.o
LOAD build/common/hal/hal/lib/hal/src/hal_vad.o
LOAD build/common/hal/hal/lib/hal/src/hal_vicap.o
LOAD build/common/hal/hal/lib/hal/src/hal_wdt.o
LOAD build/common/hal/hal/lib/hal/src/codec/hal_acodec_rk2106.o
LOAD build/common/hal/hal/lib/hal/src/codec/hal_acodec_rk3308.o
LOAD build/common/hal/hal/lib/hal/src/cru/hal_cru.o
LOAD build/common/hal/hal/lib/hal/src/cru/hal_cru_koala.o
LOAD build/common/hal/hal/lib/hal/src/cru/hal_cru_pisces.o
LOAD build/common/hal/hal/lib/hal/src/cru/hal_cru_rk1808.o
LOAD build/common/hal/hal/lib/hal/src/cru/hal_cru_rk2106.o
LOAD build/common/hal/hal/lib/hal/src/cru/hal_cru_rk2108.o
LOAD build/common/hal/hal/lib/hal/src/cru/hal_cru_rk2206.o
LOAD build/common/hal/hal/lib/hal/src/cru/hal_cru_rk3308.o
LOAD build/common/hal/hal/lib/hal/src/cru/hal_cru_rk3358.o
LOAD build/common/hal/hal/lib/hal/src/cru/hal_cru_rk3562.o
LOAD build/common/hal/hal/lib/hal/src/cru/hal_cru_rk3568.o
LOAD build/common/hal/hal/lib/hal/src/cru/hal_cru_rk3588.o
LOAD build/common/hal/hal/lib/hal/src/cru/hal_cru_rv1106.o
LOAD build/common/hal/hal/lib/hal/src/cru/hal_cru_rv1108.o
LOAD build/common/hal/hal/lib/hal/src/cru/hal_cru_rv1126.o
LOAD build/common/hal/hal/lib/hal/src/cru/hal_cru_swallow.o
LOAD build/common/hal/hal/lib/hal/src/crypto/hal_crypto_rk2206.o
LOAD build/common/hal/hal/lib/hal/src/crypto/hal_crypto_rk2206_pka.o
LOAD build/common/hal/hal/lib/hal/src/display/hal_dsi.o
LOAD build/common/hal/hal/lib/hal/src/display/hal_vop_rk2108.o
LOAD build/common/hal/hal/lib/hal/src/display/hal_vop_rv1126.o
LOAD build/common/hal/hal/lib/hal/src/dsp/hal_dsp_koala.o
LOAD build/common/hal/hal/lib/hal/src/dsp/hal_dsp_rk2108.o
LOAD build/common/hal/hal/lib/hal/src/dsp/hal_dsp_rk2206.o
LOAD build/common/hal/hal/lib/hal/src/gmac/hal_gmac.o
LOAD build/common/hal/hal/lib/hal/src/gmac/hal_gmac1000.o
LOAD build/common/hal/hal/lib/hal/src/gmac/hal_gmac_rk3308.o
LOAD build/common/hal/hal/lib/hal/src/gmac/hal_gmac_rk3358.o
LOAD build/common/hal/hal/lib/hal/src/gmac/hal_gmac_rk3568.o
LOAD build/common/hal/hal/lib/hal/src/pinctrl/hal_pinctrl.o
LOAD build/common/hal/hal/lib/hal/src/pinctrl/hal_pinctrl_iofunc.o
LOAD build/common/hal/hal/lib/hal/src/pinctrl/hal_pinctrl_rk3308.o
LOAD build/common/hal/hal/lib/hal/src/pinctrl/hal_pinctrl_rk3358.o
LOAD build/common/hal/hal/lib/hal/src/pinctrl/hal_pinctrl_rk3562.o
LOAD build/common/hal/hal/lib/hal/src/pinctrl/hal_pinctrl_rk3588.o
LOAD build/common/hal/hal/lib/hal/src/pinctrl/hal_pinctrl_rv1106.o
LOAD build/common/hal/hal/lib/hal/src/pinctrl/hal_pinctrl_v2.o
LOAD build/common/hal/hal/lib/hal/src/pm/hal_pm_cpu.o
LOAD build/common/hal/hal/lib/hal/src/pm/hal_pm_pisces.o
LOAD build/common/hal/hal/lib/hal/src/pm/hal_pm_rk2108.o
LOAD build/common/hal/hal/lib/hal/src/pm/hal_pm_rk2206.o
LOAD build/common/hal/hal/lib/bsp/RK3568/hal_bsp.o
LOAD build/cpu/cache.o
LOAD build/cpu/cpu.o
LOAD build/cpu/interrupt.o
LOAD build/cpu/mmu.o
LOAD build/cpu/pmu.o
LOAD build/cpu/stack.o
LOAD build/cpu/trap.o
LOAD build/cpu/context_gcc.o
LOAD build/cpu/cp15_gcc.o
LOAD build/cpu/start_gcc.o
LOAD build/cpu/vector_gcc.o
LOAD build/board/board/rk3568_evb1/board.o
LOAD build/board/board/rk3568_evb1/iomux.o
LOAD build/board/board/common/board_base.o
LOAD build/board/board/common/iomux_base.o
LOAD build/board/board/common/rpmsg_base.o
LOAD build/applications/main.o
LOAD build/common/drivers/dma.o
LOAD build/common/drivers/drv_backlight.o
LOAD build/common/drivers/drv_cache.o
LOAD build/common/drivers/drv_cache_ecc.o
LOAD build/common/drivers/drv_canfd.o
LOAD build/common/drivers/drv_clock.o
LOAD build/common/drivers/drv_debug.o
LOAD build/common/drivers/drv_display.o
LOAD build/common/drivers/drv_dsi.o
LOAD build/common/drivers/drv_dsp.o
LOAD build/common/drivers/drv_dvfs.o
LOAD build/common/drivers/drv_dw_pcie.o
LOAD build/common/drivers/drv_dwdma.o
LOAD build/common/drivers/drv_fault_dump.o
LOAD build/common/drivers/drv_flash_partition.o
LOAD build/common/drivers/drv_gmac.o
LOAD build/common/drivers/drv_gpio.o
LOAD build/common/drivers/drv_heap.o
LOAD build/common/drivers/drv_i2c.o
LOAD build/common/drivers/drv_keyctrl.o
LOAD build/common/drivers/drv_panel.o
LOAD build/common/drivers/drv_pcie_dma.o
LOAD build/common/drivers/drv_pl330.o
LOAD build/common/drivers/drv_pm.o
LOAD build/common/drivers/drv_pmic.o
LOAD build/common/drivers/drv_psram.o
LOAD build/common/drivers/drv_pstore.o
LOAD build/common/drivers/drv_pwm.o
LOAD build/common/drivers/drv_pwm_regulator.o
LOAD build/common/drivers/drv_qpipsram.o
LOAD build/common/drivers/drv_regulator.o
LOAD build/common/drivers/drv_saradc.o
LOAD build/common/drivers/drv_sdio.o
LOAD build/common/drivers/drv_snor.o
LOAD build/common/drivers/drv_spi.o
LOAD build/common/drivers/drv_spi2apb.o
LOAD build/common/drivers/drv_spi_screen.o
LOAD build/common/drivers/drv_spinand.o
LOAD build/common/drivers/drv_touchkey.o
LOAD build/common/drivers/drv_uart.o
LOAD build/common/drivers/drv_usage.o
LOAD build/common/drivers/drv_usbd.o
LOAD build/common/drivers/drv_usbh.o
LOAD build/common/drivers/drv_vop.o
LOAD build/common/drivers/drv_wdt.o
LOAD build/common/drivers/dsp.o
LOAD build/common/drivers/gpio.o
LOAD build/common/drivers/interrupt.o
LOAD build/common/drivers/io.o
LOAD build/common/drivers/mini_ftl.o
LOAD build/common/drivers/reset.o
LOAD /home/li/Documents/tspi-linux-amp-sdk/rt-thread/bsp/rockchip/common/drivers/rpmsg-lite/lib/common/llist.o
LOAD /home/li/Documents/tspi-linux-amp-sdk/rt-thread/bsp/rockchip/common/drivers/rpmsg-lite/lib/rpmsg_lite/rpmsg_lite.o
LOAD /home/li/Documents/tspi-linux-amp-sdk/rt-thread/bsp/rockchip/common/drivers/rpmsg-lite/lib/rpmsg_lite/rpmsg_ns.o
LOAD /home/li/Documents/tspi-linux-amp-sdk/rt-thread/bsp/rockchip/common/drivers/rpmsg-lite/lib/rpmsg_lite/rpmsg_queue.o
LOAD /home/li/Documents/tspi-linux-amp-sdk/rt-thread/bsp/rockchip/common/drivers/rpmsg-lite/lib/rpmsg_lite/porting/environment/rpmsg_env_rt-thread.o
LOAD /home/li/Documents/tspi-linux-amp-sdk/rt-thread/bsp/rockchip/common/drivers/rpmsg-lite/lib/virtio/virtqueue.o
LOAD /home/li/Documents/tspi-linux-amp-sdk/rt-thread/bsp/rockchip/common/drivers/rpmsg-lite/lib/rpmsg_lite/porting/platform/RK3568/rpmsg_platform.o
LOAD build/kernel/src/clock.o
LOAD build/kernel/src/components.o
LOAD build/kernel/src/device.o
LOAD build/kernel/src/idle.o
LOAD build/kernel/src/ipc.o
LOAD build/kernel/src/irq.o
LOAD build/kernel/src/kservice.o
LOAD build/kernel/src/mem.o
LOAD build/kernel/src/memheap.o
LOAD build/kernel/src/mempool.o
LOAD build/kernel/src/object.o
LOAD build/kernel/src/scheduler.o
LOAD build/kernel/src/signal.o
LOAD build/kernel/src/thread.o
LOAD build/kernel/src/timer.o
LOAD build/kernel/components/dfs/src/dfs.o
LOAD build/kernel/components/dfs/src/dfs_file.o
LOAD build/kernel/components/dfs/src/dfs_fs.o
LOAD build/kernel/components/dfs/src/dfs_posix.o
LOAD build/kernel/components/dfs/src/poll.o
LOAD build/kernel/components/dfs/src/select.o
LOAD build/kernel/components/dfs/filesystems/devfs/devfs.o
LOAD build/kernel/components/rpmsg_cmd/rpmsg_cmd.o
LOAD build/kernel/components/rpmsg_cmd/rpmsg_cmd_cpuusage.o
LOAD build/kernel/components/rpmsg_cmd/rpmsg_cmd_master.o
LOAD build/kernel/components/rpmsg_cmd/rpmsg_cmd_remote.o
LOAD build/kernel/components/libc/compilers/common/gmtime_r.o
LOAD build/kernel/components/libc/compilers/newlib/libc.o
LOAD build/kernel/components/libc/compilers/newlib/libc_syms.o
LOAD build/kernel/components/libc/compilers/newlib/stdio.o
LOAD build/kernel/components/libc/compilers/newlib/syscalls.o
LOAD build/kernel/components/libc/compilers/newlib/time.o
LOAD build/kernel/components/drivers/misc/pin.o
LOAD build/kernel/components/drivers/src/completion.o
LOAD build/kernel/components/drivers/src/dataqueue.o
LOAD build/kernel/components/drivers/src/pipe.o
LOAD build/kernel/components/drivers/src/ringblk_buf.o
LOAD build/kernel/components/drivers/src/ringbuffer.o
LOAD build/kernel/components/drivers/src/waitqueue.o
LOAD build/kernel/components/drivers/src/workqueue.o
LOAD build/kernel/components/drivers/serial/serial.o
LOAD build/kernel/components/finsh/shell.o
LOAD build/kernel/components/finsh/symbol.o
LOAD build/kernel/components/finsh/cmd.o
LOAD build/kernel/components/finsh/msh.o
LOAD build/kernel/components/finsh/msh_cmd.o
LOAD build/kernel/components/finsh/msh_file.o
LOAD build/kernel/components/finsh/finsh_compiler.o
LOAD build/kernel/components/finsh/finsh_error.o
LOAD build/kernel/components/finsh/finsh_heap.o
LOAD build/kernel/components/finsh/finsh_init.o
LOAD build/kernel/components/finsh/finsh_node.o
LOAD build/kernel/components/finsh/finsh_ops.o
LOAD build/kernel/components/finsh/finsh_parser.o
LOAD build/kernel/components/finsh/finsh_var.o
LOAD build/kernel/components/finsh/finsh_vm.o
LOAD build/kernel/components/finsh/finsh_token.o
START GROUP
LOAD /home/li/Documents/tspi-linux-amp-sdk/prebuilts/gcc/linux-x86/arm/gcc-arm-none-eabi-10-2020-q4-major-x86_64-linux/bin/../lib/gcc/arm-none-eabi/10.2.1/../../../../arm-none-eabi/lib/thumb/v8-a+simd/hard/libc.a
LOAD /home/li/Documents/tspi-linux-amp-sdk/prebuilts/gcc/linux-x86/arm/gcc-arm-none-eabi-10-2020-q4-major-x86_64-linux/bin/../lib/gcc/arm-none-eabi/10.2.1/../../../../arm-none-eabi/lib/thumb/v8-a+simd/hard/libm.a
END GROUP
START GROUP
LOAD /home/li/Documents/tspi-linux-amp-sdk/prebuilts/gcc/linux-x86/arm/gcc-arm-none-eabi-10-2020-q4-major-x86_64-linux/bin/../lib/gcc/arm-none-eabi/10.2.1/thumb/v8-a+simd/hard/libgcc.a
LOAD /home/li/Documents/tspi-linux-amp-sdk/prebuilts/gcc/linux-x86/arm/gcc-arm-none-eabi-10-2020-q4-major-x86_64-linux/bin/../lib/gcc/arm-none-eabi/10.2.1/../../../../arm-none-eabi/lib/thumb/v8-a+simd/hard/libc.a
END GROUP
                0x0000000000000100                __SPINLOCK_MEM_SIZE = 0x100
                0x0000000000080000                __SHARE_RPMSG_SIZE = 0x80000

.text           0x0000000003000000    0x2ad20
                0x0000000003000000                _stext = .
 *(.text.entrypoint)
 *(.vectors)
 .vectors       0x0000000003000000       0x40 build/cpu/vector_gcc.o
                0x0000000003000000                system_vectors
 *(.text)
 .text          0x0000000003000040      0x240 build/common/hal/hal/lib/hal/src/hal_base.o
                0x0000000003000040                HAL_Init
                0x000000000300005c                HAL_SystemCoreClockUpdate
                0x0000000003000074                HAL_DeInit
                0x000000000300007c                HAL_IncTick
                0x00000000030000a4                HAL_GetTick
                0x00000000030000d0                HAL_GetSysTimerCount
                0x00000000030000f0                HAL_SetTickFreq
                0x0000000003000108                HAL_GetTickFreq
                0x0000000003000118                HAL_DelayMs
                0x0000000003000198                HAL_DelayUs
                0x000000000300020c                HAL_CPUDelayUs
                0x0000000003000278                HAL_CPU_EnterIdle
 .text          0x0000000003000280       0xec build/common/hal/hal/lib/hal/src/hal_base_ex.o
                0x0000000003000280                HAL_DivU64Rem
 .text          0x000000000300036c       0x2c build/common/hal/hal/lib/hal/src/hal_cpu_topology.o
                0x000000000300036c                HAL_CPU_TOPOLOGY_GetCpuIdByMpidr
                0x000000000300037c                HAL_CPU_TOPOLOGY_GetCurrentCpuId
                0x0000000003000390                HAL_CPU_TOPOLOGY_GetCpuAffByCpuId
 .text          0x0000000003000398      0x808 build/common/hal/hal/lib/hal/src/hal_gic.o
                0x00000000030005f0                HAL_GIC_Enable
                0x0000000003000664                HAL_GIC_Disable
                0x00000000030006b4                HAL_GIC_GetEnableState
                0x00000000030006ec                HAL_GIC_GetActiveIRQ
                0x00000000030006f8                HAL_GIC_EndOfInterrupt
                0x0000000003000708                HAL_GIC_SetPending
                0x0000000003000758                HAL_GIC_GetPending
                0x00000000030007a0                HAL_GIC_ClearPending
                0x00000000030007f0                HAL_GIC_SendSGI
                0x00000000030008f0                HAL_GIC_GetIRQStatus
                0x0000000003000940                HAL_GIC_SetPriority
                0x00000000030009c8                HAL_GIC_SetPriorityMask
                0x00000000030009d8                HAL_GIC_GetPriorityMask
                0x00000000030009e0                HAL_GIC_GetPriority
                0x0000000003000a3c                HAL_GIC_SetIRouter
                0x0000000003000a64                HAL_GIC_SetDir
                0x0000000003000a70                HAL_GIC_Init
 .text          0x0000000003000ba0      0x594 build/common/hal/hal/lib/hal/src/hal_mbox.o
                0x0000000003000c14                HAL_MBOX_Suspend
                0x0000000003000c1c                HAL_MBOX_Resume
                0x0000000003000cc0                HAL_MBOX_SendMsg2
                0x0000000003000d2c                HAL_MBOX_SendMsg
                0x0000000003000ddc                HAL_MBOX_RecvMsg
                0x0000000003000e14                HAL_MBOX_IrqHandler
                0x0000000003000f10                HAL_MBOX_Init
                0x0000000003000f6c                HAL_MBOX_DeInit
                0x0000000003000fcc                HAL_MBOX_RegisterClient
                0x0000000003001078                HAL_MBOX_UnregisterClient
 .text          0x0000000003001134      0x258 build/common/hal/hal/lib/hal/src/hal_timer.o
                0x0000000003001134                HAL_TIMER_Init
                0x0000000003001158                HAL_TIMER_SysTimerInit
                0x0000000003001194                HAL_TIMER_DeInit
                0x00000000030011b4                HAL_TIMER_Start
                0x00000000030011e8                HAL_TIMER_Stop
                0x0000000003001210                HAL_TIMER_Start_IT
                0x0000000003001238                HAL_TIMER_Stop_IT
                0x0000000003001260                HAL_TIMER_SetCount
                0x0000000003001284                HAL_TIMER_GetCount
                0x00000000030012a0                HAL_TIMER_ClrInt
                0x00000000030012f4                HAL_TIMER0_Handler
                0x0000000003001340                HAL_TIMER1_Handler
 .text          0x000000000300138c      0x358 build/common/hal/hal/lib/hal/src/hal_uart.o
                0x000000000300138c                HAL_UART_Suspend
                0x000000000300142c                HAL_UART_Resume
                0x0000000003001498                HAL_UART_GetIrqID
                0x00000000030014a4                HAL_UART_GetLsr
                0x00000000030014ac                HAL_UART_GetUsr
                0x00000000030014b4                HAL_UART_GetMsr
                0x00000000030014bc                HAL_UART_SerialOutChar
                0x00000000030014d0                HAL_UART_SerialOut
                0x0000000003001500                HAL_UART_SerialIn
                0x000000000300153c                HAL_UART_Reset
                0x0000000003001558                HAL_UART_Init
                0x0000000003001624                HAL_UART_DeInit
                0x0000000003001648                HAL_UART_EnableIrq
                0x0000000003001658                HAL_UART_DisableIrq
                0x0000000003001668                HAL_UART_EnableLoopback
                0x0000000003001678                HAL_UART_DisableLoopback
                0x0000000003001688                HAL_UART_EnableAutoFlowControl
                0x0000000003001694                HAL_UART_DisableAutoFlowControl
                0x00000000030016a4                HAL_UART_HandleIrq
 .text          0x00000000030016e4      0xe90 build/common/hal/hal/lib/hal/src/cru/hal_cru.o
                0x0000000003001890                HAL_CRU_FreqGetMux4
                0x0000000003001948                HAL_CRU_FreqGetMux3
                0x00000000030019b0                HAL_CRU_FreqGetMux2
                0x0000000003001a24                HAL_CRU_MuxGetFreq4
                0x0000000003001aac                HAL_CRU_MuxGetFreq3
                0x0000000003001b24                HAL_CRU_MuxGetFreq2
                0x0000000003001b90                HAL_CRU_RoundFreqGetMux4
                0x0000000003001c10                HAL_CRU_RoundFreqGetMux3
                0x0000000003001c5c                HAL_CRU_RoundFreqGetMux2
                0x0000000003001c7c                HAL_CRU_GetPllFreq
                0x0000000003001d50                HAL_CRU_SetPllFreq
                0x0000000003001ee8                HAL_CRU_SetPllPowerUp
                0x0000000003001f58                HAL_CRU_SetPllPowerDown
                0x0000000003001f74                HAL_CRU_ClkIsEnabled
                0x0000000003001fb4                HAL_CRU_ClkEnable
                0x0000000003001fec                HAL_CRU_ClkDisable
                0x0000000003002048                HAL_CRU_ClkDisableUnused
                0x000000000300206c                HAL_CRU_ClkIsReset
                0x00000000030020a8                HAL_CRU_ClkResetAssert
                0x0000000003002104                HAL_CRU_ClkResetDeassert
                0x000000000300213c                HAL_CRU_ClkResetSyncAssert
                0x00000000030021c0                HAL_CRU_ClkResetSyncDeassert
                0x0000000003002244                HAL_CRU_ClkSetDiv
                0x0000000003002294                HAL_CRU_ClkGetDiv
                0x00000000030022d8                HAL_CRU_ClkSetMux
                0x000000000300231c                HAL_CRU_ClkGetMux
                0x000000000300235c                HAL_CRU_ClkSetFracDiv
                0x0000000003002388                HAL_CRU_ClkGetFracDiv
                0x00000000030023c0                HAL_CRU_FracdivGetConfig
                0x0000000003002458                HAL_CRU_ClkNp5BestDiv
                0x00000000030024d8                HAL_CRU_VopDclkEnable
                0x0000000003002510                HAL_CRU_VopDclkDisable
                0x000000000300256c                HAL_CRU_SetGlbSrst
 .text          0x0000000003002574     0x1880 build/common/hal/hal/lib/hal/src/cru/hal_cru_rk3568.o
                0x0000000003002574                HAL_CRU_ClkGetFreq
                0x000000000300321c                HAL_CRU_ClkSetFreq
                0x0000000003003dbc                HAL_CRU_WdtGlbRstEnable
 .text          0x0000000003003df4      0x434 build/common/hal/hal/lib/hal/src/pinctrl/hal_pinctrl_iofunc.o
                0x0000000003003df4                HAL_PINCTRL_IOFuncSelForCIF
                0x0000000003003dfc                HAL_PINCTRL_IOFuncSelForEMMC
                0x0000000003003e04                HAL_PINCTRL_IOFuncSelForFLASH
                0x0000000003003e0c                HAL_PINCTRL_IOFuncSelForFSPI
                0x0000000003003e14                HAL_PINCTRL_IOFuncSelForLCDC
                0x0000000003003e1c                HAL_PINCTRL_IOFuncSelForMIPICSI
                0x0000000003003e24                HAL_PINCTRL_IOFuncSelForRGMII
                0x0000000003003e2c                HAL_PINCTRL_IOFuncSelForGMAC0
                0x0000000003003e34                HAL_PINCTRL_IOFuncSelForGMAC1
                0x0000000003003e54                HAL_PINCTRL_IOFuncSelForSDIO
                0x0000000003003e5c                HAL_PINCTRL_IOFuncSelForSDMMC0
                0x0000000003003e64                HAL_PINCTRL_IOFuncSelForCAN0
                0x0000000003003e80                HAL_PINCTRL_IOFuncSelForCAN1
                0x0000000003003ea0                HAL_PINCTRL_IOFuncSelForCAN2
                0x0000000003003ec0                HAL_PINCTRL_IOFuncSelForCAN3
                0x0000000003003ec8                HAL_PINCTRL_IOFuncSelForCAN4
                0x0000000003003ed0                HAL_PINCTRL_IOFuncSelForCAN5
                0x0000000003003ed8                HAL_PINCTRL_IOFuncSelForI2C0
                0x0000000003003ee0                HAL_PINCTRL_IOFuncSelForI2C1
                0x0000000003003ee8                HAL_PINCTRL_IOFuncSelForI2C2
                0x0000000003003f08                HAL_PINCTRL_IOFuncSelForI2C3
                0x0000000003003f24                HAL_PINCTRL_IOFuncSelForI2C4
                0x0000000003003f44                HAL_PINCTRL_IOFuncSelForI2C5
                0x0000000003003f64                HAL_PINCTRL_IOFuncSelForI2S0
                0x0000000003003f6c                HAL_PINCTRL_IOFuncSelForI2S1
                0x0000000003003f8c                HAL_PINCTRL_IOFuncSelForI2S2
                0x0000000003003fac                HAL_PINCTRL_IOFuncSelForPWM0
                0x0000000003003fb4                HAL_PINCTRL_IOFuncSelForPWM1
                0x0000000003003fbc                HAL_PINCTRL_IOFuncSelForPWM2
                0x0000000003003fc4                HAL_PINCTRL_IOFuncSelForPWM3
                0x0000000003003fcc                HAL_PINCTRL_IOFuncSelForPWM4
                0x0000000003003fd4                HAL_PINCTRL_IOFuncSelForPWM5
                0x0000000003003fdc                HAL_PINCTRL_IOFuncSelForPWM6
                0x0000000003003fe4                HAL_PINCTRL_IOFuncSelForPWM7
                0x0000000003003fec                HAL_PINCTRL_IOFuncSelForPWM8
                0x000000000300400c                HAL_PINCTRL_IOFuncSelForPWM9
                0x0000000003004028                HAL_PINCTRL_IOFuncSelForPWM10
                0x0000000003004048                HAL_PINCTRL_IOFuncSelForPWM11
                0x0000000003004068                HAL_PINCTRL_IOFuncSelForSPI0
                0x0000000003004084                HAL_PINCTRL_IOFuncSelForSPI1
                0x00000000030040a4                HAL_PINCTRL_IOFuncSelForSPI2
                0x00000000030040c4                HAL_PINCTRL_IOFuncSelForSPI3
                0x00000000030040e4                HAL_PINCTRL_IOFuncSelForSPI4
                0x00000000030040ec                HAL_PINCTRL_IOFuncSelForSPI5
                0x00000000030040f4                HAL_PINCTRL_IOFuncSelForUART0
                0x00000000030040fc                HAL_PINCTRL_IOFuncSelForUART1
                0x000000000300411c                HAL_PINCTRL_IOFuncSelForUART2
                0x000000000300413c                HAL_PINCTRL_IOFuncSelForUART3
                0x000000000300415c                HAL_PINCTRL_IOFuncSelForUART4
                0x000000000300417c                HAL_PINCTRL_IOFuncSelForUART5
                0x0000000003004198                HAL_PINCTRL_IOFuncSelForUART6
                0x00000000030041b8                HAL_PINCTRL_IOFuncSelForUART7
                0x00000000030041d8                HAL_PINCTRL_IOFuncSelForUART8
                0x00000000030041f8                HAL_PINCTRL_IOFuncSelForUART9
                0x0000000003004218                HAL_PINCTRL_IOFuncSelForUART10
                0x0000000003004220                HAL_PINCTRL_IOFuncSelForUART11
 .text          0x0000000003004228     0x1504 build/common/hal/hal/lib/hal/src/pinctrl/hal_pinctrl_v2.o
                0x00000000030056f4                HAL_PINCTRL_Init
                0x00000000030056fc                HAL_PINCTRL_DeInit
                0x0000000003005704                HAL_PINCTRL_SetParam
                0x0000000003005718                HAL_PINCTRL_SetIOMUX
 .text          0x000000000300572c        0x4 build/common/hal/hal/lib/bsp/RK3568/hal_bsp.o
                0x000000000300572c                BSP_Init
 .text          0x0000000003005730       0x40 build/cpu/cpu.o
                0x0000000003005730                rt_hw_cpu_shutdown
 .text          0x0000000003005770       0x90 build/cpu/interrupt.o
                0x0000000003005770                rt_hw_vector_init
                0x000000000300577c                rt_hw_interrupt_init
                0x00000000030057a4                rt_hw_interrupt_mask
                0x00000000030057a8                rt_hw_interrupt_umask
                0x00000000030057ac                rt_hw_interrupt_get_irq
                0x00000000030057bc                rt_hw_interrupt_ack
                0x00000000030057c0                rt_hw_interrupt_control
                0x00000000030057c4                rt_hw_interrupt_set_route
                0x00000000030057c8                rt_hw_interrupt_set_pending
                0x00000000030057cc                rt_hw_interrupt_install
 .text          0x0000000003005800      0x378 build/cpu/mmu.o
                0x0000000003005800                rt_hw_cpu_dump_page_table_2nd
                0x0000000003005920                rt_hw_cpu_dump_page_table
                0x0000000003005a88                rt_hw_mmu_setmtt
                0x0000000003005af8                rt_hw_set_domain_register
                0x0000000003005b08                rt_hw_init_mmu_table
                0x0000000003005b34                rt_hw_mmu_init
 .text          0x0000000003005b78       0x6c build/cpu/stack.o
                0x0000000003005b78                rt_hw_stack_init
 .text          0x0000000003005be4      0x574 build/cpu/trap.o
                0x0000000003005be4                is_valid_inst
                0x0000000003005c28                rt_find_stack_info
                0x0000000003005ce0                rt_dump_hex
                0x0000000003005d50                rt_hw_dump_backtrace
                0x0000000003005e70                rt_hw_exception_install
                0x0000000003005e80                rt_hw_show_register
                0x0000000003005f24                rt_hw_trap_undef
                0x0000000003005fa4                rt_hw_trap_swi
                0x0000000003005ff4                rt_hw_trap_pabt
                0x0000000003006044                rt_hw_trap_dabt
                0x0000000003006094                rt_hw_trap_resv
                0x00000000030060e4                rt_hw_trap_irq
                0x0000000003006128                rt_hw_trap_fiq
 .text          0x0000000003006158       0x1c build/cpu/context_gcc.o
                0x0000000003006158                rt_hw_interrupt_disable
                0x0000000003006164                rt_hw_interrupt_enable
                0x000000000300616c                rt_hw_context_switch_to
 .text          0x0000000003006174      0x154 build/cpu/cp15_gcc.o
                0x0000000003006174                rt_cpu_get_smp_id
                0x000000000300617c                rt_cpu_vector_set_base
                0x0000000003006194                rt_hw_cpu_dcache_enable
                0x00000000030061a4                rt_hw_cpu_icache_enable
                0x00000000030061bc                rt_cpu_dcache_clean_flush
                0x0000000003006250                rt_cpu_icache_flush
                0x0000000003006264                rt_hw_cpu_dcache_disable
                0x0000000003006280                rt_hw_cpu_icache_disable
                0x0000000003006290                rt_cpu_mmu_disable
                0x00000000030062a8                rt_cpu_mmu_enable
                0x00000000030062bc                rt_cpu_tlb_set
 .text          0x00000000030062c8      0x168 build/cpu/start_gcc.o
                0x00000000030062c8                _reset
 .text          0x0000000003006430       0x40 build/board/board/rk3568_evb1/iomux.o
                0x0000000003006430                rt_hw_iodomain_config
                0x0000000003006450                rt_hw_iomux_config
 .text          0x0000000003006470      0x160 build/board/board/common/board_base.o
                0x0000000003006470                idle_wfi
                0x0000000003006478                tick_isr
                0x00000000030064b4                rt_hw_board_init
 .text          0x00000000030065d0       0x44 build/board/board/common/iomux_base.o
                0x00000000030065d0                uart2_m0_iomux_config
                0x00000000030065e0                uart4_m1_iomux_config
 .text          0x0000000003006614      0x13c build/board/board/common/rpmsg_base.o
                0x00000000030066f0                rpmsg_remote_get_instance
 .text          0x0000000003006750      0x41c build/common/drivers/drv_clock.o
                0x0000000003006750                clock_dev_init
                0x00000000030067e0                clk_enable
                0x0000000003006848                clk_disable
                0x00000000030068d0                clk_is_enabled
                0x00000000030068e8                get_clk_gate_from_id
                0x0000000003006980                put_clk_gate
                0x0000000003006a00                clk_get_rate
                0x0000000003006a38                clk_set_rate
                0x0000000003006aac                clk_init
                0x0000000003006b2c                clk_disable_unused
 .text          0x0000000003006b6c       0x34 build/common/drivers/drv_heap.o
                0x0000000003006b6c                rt_uncache_heap_init
                0x0000000003006b8c                rt_malloc_uncache
                0x0000000003006b9c                rt_free_uncache
 .text          0x0000000003006ba0      0x52c build/common/drivers/drv_uart.o
                0x0000000003006f34                rt_hw_console_channel
                0x0000000003006f3c                rt_hw_console_output
                0x0000000003006f94                rt_hw_usart_init
 .text          0x00000000030070cc      0x55c build/common/drivers/io.o
                0x000000000300717c                io_mem
 .text          0x0000000003007628       0x78 /home/li/Documents/tspi-linux-amp-sdk/rt-thread/bsp/rockchip/common/drivers/rpmsg-lite/lib/common/llist.o
                0x0000000003007628                add_to_list
                0x0000000003007664                remove_from_list
 .text          0x00000000030076a0      0xc64 /home/li/Documents/tspi-linux-amp-sdk/rt-thread/bsp/rockchip/common/drivers/rpmsg-lite/lib/rpmsg_lite/rpmsg_lite.o
                0x0000000003007828                rpmsg_lite_create_ept
                0x0000000003007948                rpmsg_lite_destroy_ept
                0x00000000030079e4                rpmsg_lite_is_link_up
                0x00000000030079fc                rpmsg_lite_wait_for_link_up
                0x0000000003007a10                rpmsg_lite_send
                0x0000000003007b80                rpmsg_lite_alloc_tx_buffer
                0x0000000003007c60                rpmsg_lite_send_nocopy
                0x0000000003007d20                rpmsg_lite_release_rx_buffer
                0x0000000003007d90                rpmsg_lite_master_init
                0x0000000003008094                rpmsg_lite_remote_init
                0x000000000300824c                rpmsg_lite_deinit
 .text          0x0000000003008304      0x3e8 /home/li/Documents/tspi-linux-amp-sdk/rt-thread/bsp/rockchip/common/drivers/rpmsg-lite/lib/rpmsg_lite/porting/environment/rpmsg_env_rt-thread.o
                0x0000000003008304                env_wait_for_link_up
                0x0000000003008344                env_tx_callback
                0x000000000300835c                env_init
                0x0000000003008408                env_deinit
                0x0000000003008478                env_allocate_memory
                0x000000000300847c                env_free_memory
                0x0000000003008488                env_memset
                0x000000000300848c                env_memcpy
                0x0000000003008490                env_strcmp
                0x0000000003008494                env_strncpy
                0x0000000003008498                env_strncmp
                0x000000000300849c                env_mb
                0x00000000030084a4                env_rmb
                0x00000000030084ac                env_wmb
                0x00000000030084b4                env_map_vatopa
                0x00000000030084b8                env_map_patova
                0x00000000030084bc                env_create_mutex
                0x0000000003008500                env_delete_mutex
                0x0000000003008504                env_lock_mutex
                0x0000000003008528                env_unlock_mutex
                0x0000000003008548                env_create_sync_lock
                0x000000000300858c                env_delete_sync_lock
                0x0000000003008598                env_acquire_sync_lock
                0x00000000030085c0                env_release_sync_lock
                0x00000000030085e4                env_sleep_msec
                0x00000000030085e8                env_register_isr
                0x0000000003008608                env_unregister_isr
                0x000000000300862c                env_enable_interrupt
                0x0000000003008630                env_disable_interrupt
                0x0000000003008634                env_map_memory
                0x0000000003008644                env_disable_cache
                0x0000000003008654                env_isr
                0x0000000003008674                env_create_queue
                0x00000000030086ac                env_delete_queue
                0x00000000030086b0                env_put_queue
                0x00000000030086c8                env_get_queue
                0x00000000030086e4                env_get_current_queue_size
 .text          0x00000000030086ec      0x714 /home/li/Documents/tspi-linux-amp-sdk/rt-thread/bsp/rockchip/common/drivers/rpmsg-lite/lib/virtio/virtqueue.o
                0x00000000030086ec                virtqueue_create
                0x00000000030087e0                virtqueue_create_static
                0x00000000030088c4                virtqueue_add_buffer
                0x0000000003008938                virtqueue_fill_avail_buffers
                0x00000000030089e4                virtqueue_get_buffer
                0x0000000003008a60                virtqueue_get_buffer_length
                0x0000000003008a70                virtqueue_free
                0x0000000003008a90                virtqueue_free_static
                0x0000000003008ab0                virtqueue_get_available_buffer
                0x0000000003008b28                virtqueue_add_consumed_buffer
                0x0000000003008b7c                virtqueue_fill_used_buffers
                0x0000000003008c04                virtqueue_enable_cb
                0x0000000003008c54                virtqueue_disable_cb
                0x0000000003008c8c                virtqueue_kick
                0x0000000003008d08                virtqueue_dump
                0x0000000003008d74                virtqueue_get_desc_size
                0x0000000003008dac                vq_ring_init
                0x0000000003008de8                virtqueue_notification
 .text          0x0000000003008e00      0x440 /home/li/Documents/tspi-linux-amp-sdk/rt-thread/bsp/rockchip/common/drivers/rpmsg-lite/lib/rpmsg_lite/porting/platform/RK3568/rpmsg_platform.o
                0x0000000003008ee8                platform_init_interrupt
                0x000000000300906c                platform_deinit_interrupt
                0x00000000030090b4                platform_notify
                0x000000000300910c                platform_time_delay
                0x0000000003009110                platform_in_isr
                0x0000000003009124                platform_interrupt_enable
                0x0000000003009184                platform_interrupt_disable
                0x00000000030091e8                platform_map_mem_region
                0x00000000030091ec                platform_cache_all_flush_invalidate
                0x00000000030091f0                platform_cache_disable
                0x00000000030091f4                platform_vatopa
                0x00000000030091f8                platform_patova
                0x00000000030091fc                platform_init
                0x0000000003009220                platform_deinit
 .text          0x0000000003009240       0xa8 build/kernel/src/clock.o
                0x0000000003009240                rt_system_tick_init
                0x0000000003009244                rt_tick_get
                0x0000000003009254                rt_tick_set
                0x0000000003009274                rt_tick_increase
                0x00000000030092c0                rt_tick_from_millisecond
 .text          0x00000000030092e8      0x1d8 build/kernel/src/components.o
                0x00000000030092f0                main_thread_entry
                0x0000000003009358                rt_components_board_init
                0x00000000030093a0                rt_components_init
                0x00000000030093e8                rt_application_init
                0x000000000300945c                entry
                0x0000000003009490                rtthread_startup
 .text          0x00000000030094c0      0x774 build/kernel/src/device.o
                0x00000000030094c0                rt_device_unregister
                0x000000000300954c                rt_device_init_all
                0x0000000003009554                rt_device_find
                0x00000000030095fc                rt_device_register
                0x0000000003009660                rt_device_create
                0x0000000003009698                rt_device_destroy
                0x0000000003009720                rt_device_init
                0x00000000030097b0                rt_device_open
                0x00000000030098e8                rt_device_close
                0x000000000300999c                rt_device_read
                0x0000000003009a4c                rt_device_write
                0x0000000003009afc                rt_device_control
                0x0000000003009b7c                rt_device_set_rx_indicate
                0x0000000003009bd8                rt_device_set_tx_complete
 .text          0x0000000003009c34      0x254 build/kernel/src/idle.o
                0x0000000003009c34                rt_thread_idle_sethook
                0x0000000003009c84                rt_thread_idle_delhook
                0x0000000003009cd4                rt_thread_idle_excute
                0x0000000003009e1c                rt_thread_idle_init
                0x0000000003009e7c                rt_thread_idle_gethandler
 .text          0x0000000003009e88     0x2bdc build/kernel/src/ipc.o
                0x0000000003009e88                rt_sem_init
                0x0000000003009ee8                rt_sem_detach
                0x0000000003009fac                rt_sem_create
                0x000000000300a02c                rt_sem_delete
                0x000000000300a144                rt_sem_take
                0x000000000300a37c                rt_sem_trytake
                0x000000000300a384                rt_sem_release
                0x000000000300a438                rt_sem_control
                0x000000000300a4fc                rt_mutex_init
                0x000000000300a564                rt_mutex_detach
                0x000000000300a628                rt_mutex_create
                0x000000000300a6b8                rt_mutex_delete
                0x000000000300a7d0                rt_mutex_take
                0x000000000300aa88                rt_mutex_release
                0x000000000300ac64                rt_mutex_control
                0x000000000300acb8                rt_event_init
                0x000000000300ad14                rt_event_detach
                0x000000000300add8                rt_event_create
                0x000000000300ae5c                rt_event_delete
                0x000000000300af64                rt_event_send
                0x000000000300b0b8                rt_event_recv
                0x000000000300b378                rt_event_control
                0x000000000300b43c                rt_mb_init
                0x000000000300b4b8                rt_mb_detach
                0x000000000300b5bc                rt_mb_create
                0x000000000300b688                rt_mb_delete
                0x000000000300b7e8                rt_mb_send_wait
                0x000000000300bae8                rt_mb_send
                0x000000000300baf0                rt_mb_recv
                0x000000000300be40                rt_mb_control
                0x000000000300bf48                rt_mq_init
                0x000000000300c018                rt_mq_detach
                0x000000000300c0dc                rt_mq_delete
                0x000000000300c1fc                rt_mq_create
                0x000000000300c320                rt_mq_send
                0x000000000300c490                rt_mq_urgent
                0x000000000300c5f4                rt_mq_recv
                0x000000000300c95c                rt_mq_control
 .text          0x000000000300ca64       0xb0 build/kernel/src/irq.o
                0x000000000300ca64                rt_interrupt_enter_sethook
                0x000000000300ca74                rt_interrupt_leave_sethook
                0x000000000300ca84                rt_interrupt_enter
                0x000000000300cac4                rt_interrupt_leave
                0x000000000300cb04                rt_interrupt_get_nest
 .text          0x000000000300cb14     0x10d0 build/kernel/src/kservice.o
                0x000000000300cd7c                rt_get_errno
                0x000000000300cdb0                rt_set_errno
                0x000000000300cde8                _rt_errno
                0x000000000300ce18                rt_memset
                0x000000000300cee4                rt_memcpy
                0x000000000300cff4                rt_memmove
                0x000000000300d050                rt_memcmp
                0x000000000300d08c                rt_strstr
                0x000000000300d14c                rt_strcasecmp
                0x000000000300d1a0                rt_strncpy
                0x000000000300d1e4                rt_strncmp
                0x000000000300d230                rt_strcmp
                0x000000000300d274                rt_strnlen
                0x000000000300d2bc                rt_strlen
                0x000000000300d2e8                rt_strdup
                0x000000000300d340                rt_vsnprintf
                0x000000000300d854                rt_snprintf
                0x000000000300d880                rt_vsprintf
                0x000000000300d890                rt_sprintf
                0x000000000300d8c0                rt_console_get_device
                0x000000000300d8d0                rt_console_set_device
                0x000000000300d918                rt_kputs
                0x000000000300d984                rt_console_set_output_hook
                0x000000000300d994                rt_kprintf
                0x000000000300da40                rt_show_version
                0x000000000300da98                rt_malloc_align
                0x000000000300dae0                rt_free_align
                0x000000000300dae8                __rt_ffs
                0x000000000300db70                rt_assert_set_hook
                0x000000000300db80                rt_assert_handler
 .text          0x000000000300dbe4      0x8e0 build/kernel/src/mem.o
                0x000000000300dbe4                list_mem
                0x000000000300df14                rt_malloc_sethook
                0x000000000300df24                rt_free_sethook
                0x000000000300df34                rt_system_heap_init
                0x000000000300e02c                rt_malloc
                0x000000000300e29c                rt_realloc
                0x000000000300e44c                rt_calloc
                0x000000000300e478                rt_free
                0x000000000300e484                rt_memory_info
 .text          0x000000000300e4c4      0x7fc build/kernel/src/memheap.o
                0x000000000300e4c4                rt_memheap_init
                0x000000000300e5c0                rt_memheap_detach
                0x000000000300e64c                rt_memheap_alloc
                0x000000000300e838                rt_memheap_free
                0x000000000300e9ec                rt_memheap_realloc
 .text          0x000000000300ecc0      0x508 build/kernel/src/object.o
                0x000000000300ecc0                rt_object_attach_sethook
                0x000000000300ecd0                rt_object_detach_sethook
                0x000000000300ece0                rt_object_trytake_sethook
                0x000000000300ecf0                rt_object_take_sethook
                0x000000000300ed00                rt_object_put_sethook
                0x000000000300ed10                rt_system_object_init
                0x000000000300ed14                rt_object_get_information
                0x000000000300ed48                rt_object_init
                0x000000000300ee00                rt_object_detach
                0x000000000300ee74                rt_object_allocate
                0x000000000300ef9c                rt_object_delete
                0x000000000300f03c                rt_object_is_systemobject
                0x000000000300f070                rt_object_get_type
                0x000000000300f0a4                rt_object_find
 .text          0x000000000300f1c8      0x31c build/kernel/src/scheduler.o
                0x000000000300f1c8                rt_scheduler_sethook
                0x000000000300f1d8                rt_system_scheduler_init
                0x000000000300f22c                rt_system_scheduler_start
                0x000000000300f258                rt_schedule
                0x000000000300f364                rt_schedule_insert_thread
                0x000000000300f3e8                rt_schedule_remove_thread
                0x000000000300f46c                rt_enter_critical
                0x000000000300f490                rt_exit_critical
                0x000000000300f4d4                rt_critical_level
 .text          0x000000000300f4e4      0xae0 build/kernel/src/thread.o
                0x000000000300f4e4                rt_thread_exit
                0x000000000300f568                rt_thread_timeout
                0x000000000300f7d4                rt_thread_suspend_sethook
                0x000000000300f7e4                rt_thread_resume_sethook
                0x000000000300f7f4                rt_thread_inited_sethook
                0x000000000300f804                rt_thread_init
                0x000000000300f8a4                rt_thread_self
                0x000000000300f8b4                rt_thread_detach
                0x000000000300f9b4                rt_thread_create
                0x000000000300fa2c                rt_thread_delete
                0x000000000300fa4c                rt_thread_yield
                0x000000000300fadc                rt_thread_suspend
                0x000000000300fb98                rt_thread_sleep
                0x000000000300fc50                rt_thread_delay
                0x000000000300fc54                rt_thread_mdelay
                0x000000000300fc64                rt_thread_resume
                0x000000000300fd2c                rt_thread_startup
                0x000000000300fdf0                rt_thread_control
                0x000000000300fef0                rt_thread_find
                0x000000000300ffa0                rt_thread_get_stack_info
 .text          0x000000000300ffc4      0x648 build/kernel/src/timer.o
                0x000000000300ffc4                rt_timer_enter_sethook
                0x000000000300ffd4                rt_timer_exit_sethook
                0x000000000300ffe4                rt_timer_init
                0x000000000301005c                rt_timer_detach
                0x0000000003010104                rt_timer_create
                0x0000000003010158                rt_timer_delete
                0x0000000003010200                rt_timer_start
                0x0000000003010354                rt_timer_stop
                0x0000000003010408                rt_timer_control
                0x00000000030104e4                rt_timer_check
                0x00000000030105d4                rt_timer_next_timeout_tick
                0x00000000030105f0                rt_system_timer_init
                0x0000000003010608                rt_system_timer_thread_init
 .text          0x000000000301060c      0x9c4 build/kernel/components/dfs/src/dfs.o
                0x000000000301060c                list_fd
                0x000000000301077c                dfs_init
                0x000000000301083c                dfs_lock
                0x0000000003010880                dfs_unlock
                0x000000000301088c                fd_new
                0x0000000003010a3c                fd_get
                0x0000000003010b08                fd_put
                0x0000000003010be0                dfs_subdir
                0x0000000003010c20                dfs_normalize_path
                0x0000000003010e78                fd_is_open
                0x0000000003010fc4                dfs_fdtable_get
 .text          0x0000000003010fd0      0xea8 build/kernel/components/dfs/src/dfs_file.o
                0x0000000003010fd0                dfs_file_open
                0x000000000301113c                cat
                0x0000000003011400                dfs_file_close
                0x0000000003011450                dfs_file_ioctl
                0x00000000030114c8                dfs_file_read
                0x000000000301150c                dfs_file_getdents
                0x0000000003011544                dfs_file_unlink
                0x0000000003011620                rm
                0x0000000003011648                dfs_file_write
                0x0000000003011674                dfs_file_flush
                0x00000000030116a0                dfs_file_lseek
                0x00000000030116dc                dfs_file_stat
                0x0000000003011838                ls
                0x0000000003011be0                copy
                0x0000000003011d94                dfs_file_rename
 .text          0x0000000003011e78      0x910 build/kernel/components/dfs/src/dfs_fs.o
                0x0000000003011e78                dfs_register
                0x0000000003011f34                dfs_filesystem_lookup
                0x0000000003012008                df
                0x0000000003012150                dfs_filesystem_get_mounted_path
                0x00000000030121b4                dfs_filesystem_get_partition
                0x00000000030122d4                dfs_mount
                0x0000000003012568                dfs_unmount
                0x000000000301264c                dfs_mkfs
                0x000000000301274c                mkfs
                0x0000000003012750                dfs_statfs
 .text          0x0000000003012788      0x86c build/kernel/components/dfs/src/dfs_posix.o
                0x0000000003012788                mkdir
                0x000000000301280c                open
                0x0000000003012884                close
                0x00000000030128dc                read
                0x000000000301293c                write
                0x000000000301299c                lseek
                0x0000000003012a60                rename
                0x0000000003012a84                unlink
                0x0000000003012aa8                stat
                0x0000000003012acc                fstat
                0x0000000003012b2c                fsync
                0x0000000003012b68                fcntl
                0x0000000003012bd0                ioctl
                0x0000000003012c00                statfs
                0x0000000003012c24                rmdir
                0x0000000003012c48                opendir
                0x0000000003012cf4                readdir
                0x0000000003012d9c                telldir
                0x0000000003012de4                seekdir
                0x0000000003012e30                rewinddir
                0x0000000003012e78                closedir
                0x0000000003012ee0                chdir
                0x0000000003012f94                access
                0x0000000003012fc4                getcwd
 .text          0x0000000003012ff4      0x53c build/kernel/components/dfs/filesystems/devfs/devfs.o
                0x0000000003012ff4                dfs_device_fs_mount
                0x0000000003013004                dfs_device_fs_ioctl
                0x0000000003013078                dfs_device_fs_read
                0x00000000030130f8                dfs_device_fs_write
                0x0000000003013178                dfs_device_fs_close
                0x000000000301321c                dfs_device_fs_stat
                0x00000000030132c8                dfs_device_fs_open
                0x000000000301343c                dfs_device_fs_getdents
                0x0000000003013518                devfs_init
 .text          0x0000000003013530       0x38 build/kernel/components/libc/compilers/newlib/libc.o
                0x0000000003013530                libc_system_init
 .text          0x0000000003013568      0x128 build/kernel/components/libc/compilers/newlib/stdio.o
                0x0000000003013568                libc_stdio_set_console
                0x0000000003013670                libc_stdio_get_console
 .text          0x0000000003013690      0x36c build/kernel/components/libc/compilers/newlib/syscalls.o
                0x0000000003013690                _close_r
                0x0000000003013698                _execve_r
                0x00000000030136ac                _fcntl_r
                0x00000000030136c0                _fork_r
                0x00000000030136d4                _fstat_r
                0x00000000030136e8                _getpid_r
                0x00000000030136f0                _isatty_r
                0x000000000301370c                _kill_r
                0x0000000003013720                _link_r
                0x0000000003013734                _lseek_r
                0x0000000003013744                _mkdir_r
                0x0000000003013750                _open_r
                0x0000000003013760                _read_r
                0x0000000003013770                _rename_r
                0x000000000301377c                _sbrk_r
                0x0000000003013784                _stat_r
                0x0000000003013790                _times_r
                0x00000000030137a4                _unlink_r
                0x00000000030137ac                _wait_r
                0x00000000030137c0                _write_r
                0x00000000030137d0                libc_get_time
                0x00000000030138e0                _gettimeofday_r
                0x0000000003013940                _malloc_r
                0x0000000003013960                _realloc_r
                0x0000000003013988                _calloc_r
                0x00000000030139b0                _free_r
                0x00000000030139b8                exit
                0x00000000030139f4                _system
                0x00000000030139f8                __libc_init_array
 .text          0x00000000030139fc      0x3ec build/kernel/components/drivers/misc/pin.o
                0x0000000003013a58                rt_pin_mode
                0x0000000003013ab4                rt_pin_write
                0x0000000003013b10                rt_pin_read
                0x0000000003013c48                rt_device_pin_register
                0x0000000003013c98                rt_pin_attach_irq
                0x0000000003013d18                rt_pin_detach_irq
                0x0000000003013d7c                rt_pin_irq_enable
 .text          0x0000000003013de8      0x214 build/kernel/components/drivers/src/completion.o
                0x0000000003013de8                rt_completion_init
                0x0000000003013e30                rt_completion_wait
                0x0000000003013f88                rt_completion_done
 .text          0x0000000003013ffc      0x268 build/kernel/components/drivers/src/waitqueue.o
                0x0000000003013ffc                __wqueue_default_wake
                0x0000000003014004                rt_wqueue_add
                0x0000000003014038                rt_wqueue_remove
                0x0000000003014064                rt_wqueue_wakeup
                0x00000000030140f0                rt_wqueue_wait
 .text          0x0000000003014264      0xae0 build/kernel/components/drivers/serial/serial.o
                0x0000000003014bb0                rt_hw_serial_register
                0x0000000003014c20                rt_hw_serial_isr
 .text          0x0000000003014d44      0xac4 build/kernel/components/finsh/shell.o
                0x0000000003014d44                finsh_system_init
                0x0000000003014e64                finsh_set_prompt
                0x0000000003014ec0                finsh_get_prompt
                0x0000000003014f88                finsh_get_prompt_mode
                0x0000000003014fcc                finsh_set_prompt_mode
                0x0000000003015018                finsh_set_echo
                0x0000000003015064                finsh_get_echo
                0x00000000030150a8                finsh_run_line
                0x00000000030151b4                finsh_thread_entry
                0x00000000030157d0                finsh_system_function_init
                0x00000000030157ec                finsh_system_var_init
 .text          0x0000000003015808     0x175c build/kernel/components/finsh/cmd.o
                0x0000000003015808                hello
                0x0000000003015820                version
                0x0000000003015830                list_thread
                0x0000000003015a1c                list
                0x0000000003015b64                list_memheap
                0x0000000003015c94                list_mutex
                0x0000000003015de8                list_device
                0x0000000003015f3c                list_timer
                0x000000000301609c                list_event
                0x0000000003016260                list_msgqueue
                0x0000000003016430                list_sem
                0x0000000003016600                list_mempool
                0x00000000030167c8                list_mailbox
                0x00000000030169a4                list_prefix
 .text          0x0000000003016f64      0x808 build/kernel/components/finsh/msh.o
                0x0000000003016f90                msh_help
                0x00000000030172bc                msh_is_used
                0x00000000030172cc                msh_exec
                0x00000000030175d4                msh_auto_complete_path
                0x00000000030175e0                msh_auto_complete
 .text          0x000000000301776c      0x50c build/kernel/components/finsh/msh_cmd.o
                0x000000000301776c                cmd_time
                0x0000000003017774                cmd_ls
                0x0000000003017794                cmd_pwd
                0x00000000030177b4                cmd_mkfs
                0x000000000301785c                cmd_ps
                0x000000000301786c                cmd_free
                0x000000000301787c                cmd_cp
                0x00000000030178b8                cmd_rm
                0x0000000003017910                cmd_mv
                0x0000000003017a5c                cmd_cat
                0x0000000003017ab4                cmd_cd
                0x0000000003017b14                cmd_mkdir
                0x0000000003017b54                cmd_df
                0x0000000003017bd8                cmd_echo
 .text          0x0000000003017c78      0x244 build/kernel/components/finsh/msh_file.o
                0x0000000003017c78                msh_exec_script
 .text          0x0000000003017ebc     0x13e4 build/kernel/components/finsh/finsh_compiler.o
                0x0000000003019210                finsh_compiler_run
 .text          0x00000000030192a0       0x4c build/kernel/components/finsh/finsh_error.o
                0x00000000030192a0                finsh_error_init
                0x00000000030192b4                finsh_error_set
                0x00000000030192cc                finsh_errno
                0x00000000030192dc                finsh_error_string
 .text          0x00000000030192ec      0x320 build/kernel/components/finsh/finsh_heap.o
                0x000000000301933c                finsh_heap_init
                0x0000000003019370                finsh_heap_free
                0x0000000003019494                finsh_heap_allocate
 .text          0x000000000301960c       0x64 build/kernel/components/finsh/finsh_init.o
                0x000000000301960c                finsh_init
                0x000000000301962c                finsh_stack_bottom
                0x000000000301963c                finsh_flush
                0x0000000003019654                finsh_reset
 .text          0x0000000003019670      0x36c build/kernel/components/finsh/finsh_node.o
                0x0000000003019670                finsh_node_init
                0x0000000003019690                finsh_node_allocate
                0x00000000030196e0                finsh_node_new_id
                0x00000000030197b8                finsh_node_new_char
                0x0000000003019818                finsh_node_new_int
                0x0000000003019878                finsh_node_new_long
                0x00000000030198d8                finsh_node_new_string
                0x000000000301997c                finsh_node_new_ptr
 .text          0x00000000030199dc      0xc40 build/kernel/components/finsh/finsh_ops.o
                0x00000000030199dc                OP_no_op
                0x00000000030199e0                OP_add_byte
                0x0000000003019a0c                OP_add_word
                0x0000000003019a38                OP_add_dword
                0x0000000003019a60                OP_sub_byte
                0x0000000003019a8c                OP_sub_word
                0x0000000003019ab8                OP_sub_dword
                0x0000000003019ae4                OP_div_byte
                0x0000000003019b10                OP_div_word
                0x0000000003019b3c                OP_div_dword
                0x0000000003019b68                OP_mod_byte
                0x0000000003019b98                OP_mod_word
                0x0000000003019bc8                OP_mod_dword
                0x0000000003019bf8                OP_mul_byte
                0x0000000003019c24                OP_mul_word
                0x0000000003019c50                OP_mul_dword
                0x0000000003019c7c                OP_and_byte
                0x0000000003019ca8                OP_and_word
                0x0000000003019cd4                OP_and_dword
                0x0000000003019cfc                OP_or_byte
                0x0000000003019d28                OP_or_word
                0x0000000003019d54                OP_or_dword
                0x0000000003019d7c                OP_xor_byte
                0x0000000003019da8                OP_xor_word
                0x0000000003019dd4                OP_xor_dword
                0x0000000003019dfc                OP_bw_byte
                0x0000000003019e18                OP_bw_word
                0x0000000003019e34                OP_bw_dword
                0x0000000003019e50                OP_shl_byte
                0x0000000003019e7c                OP_shl_word
                0x0000000003019ea8                OP_shl_dword
                0x0000000003019ed4                OP_shr_byte
                0x0000000003019f00                OP_shr_word
                0x0000000003019f2c                OP_shr_dword
                0x0000000003019f58                OP_ld_byte
                0x0000000003019f94                OP_ld_word
                0x0000000003019fd0                OP_ld_dword
                0x000000000301a00c                OP_ld_value_byte
                0x000000000301a04c                OP_ld_value_byte_stack
                0x000000000301a068                OP_ld_value_word
                0x000000000301a0a8                OP_ld_value_word_stack
                0x000000000301a0c4                OP_ld_value_dword
                0x000000000301a104                OP_ld_value_dword_stack
                0x000000000301a120                OP_st_byte
                0x000000000301a148                OP_st_word
                0x000000000301a16c                OP_st_dword
                0x000000000301a18c                OP_pop
                0x000000000301a1a4                OP_call
 .text          0x000000000301a61c     0x1100 build/kernel/components/finsh/finsh_parser.o
                0x000000000301b504                finsh_parser_run
                0x000000000301b704                finsh_parser_init
 .text          0x000000000301b71c      0x250 build/kernel/components/finsh/finsh_var.o
                0x000000000301b71c                finsh_var_init
                0x000000000301b73c                finsh_var_insert
                0x000000000301b7cc                finsh_var_delete
                0x000000000301b824                finsh_var_lookup
                0x000000000301b86c                finsh_sysvar_append
                0x000000000301b8c4                finsh_sysvar_lookup
 .text          0x000000000301b96c      0x140 build/kernel/components/finsh/finsh_vm.o
                0x000000000301b96c                finsh_vm_run
                0x000000000301b9b4                finsh_syscall_append
                0x000000000301ba04                finsh_syscall_lookup
 .text          0x000000000301baac     0x1048 build/kernel/components/finsh/finsh_token.o
                0x000000000301baac                finsh_token_init
                0x000000000301bacc                finsh_token_get_token
                0x000000000301bae0                token_get_string
                0x000000000301bc1c                finsh_token_token
 *fill*         0x000000000301caf4        0xc 
 .text          0x000000000301cb00      0x4e0 /home/li/Documents/tspi-linux-amp-sdk/prebuilts/gcc/linux-x86/arm/gcc-arm-none-eabi-10-2020-q4-major-x86_64-linux/bin/../lib/gcc/arm-none-eabi/10.2.1/../../../../arm-none-eabi/lib/thumb/v8-a+simd/hard/libc.a(lib_a-memcpy.o)
                0x000000000301cb00                memcpy
 .text          0x000000000301cfe0      0x2dc /home/li/Documents/tspi-linux-amp-sdk/prebuilts/gcc/linux-x86/arm/gcc-arm-none-eabi-10-2020-q4-major-x86_64-linux/bin/../lib/gcc/arm-none-eabi/10.2.1/../../../../arm-none-eabi/lib/thumb/v8-a+simd/hard/libc.a(lib_a-strcmp.o)
                0x000000000301cfe8                strcmp
 *fill*         0x000000000301d2bc        0x4 
 .text          0x000000000301d2c0       0xdc /home/li/Documents/tspi-linux-amp-sdk/prebuilts/gcc/linux-x86/arm/gcc-arm-none-eabi-10-2020-q4-major-x86_64-linux/bin/../lib/gcc/arm-none-eabi/10.2.1/../../../../arm-none-eabi/lib/thumb/v8-a+simd/hard/libc.a(lib_a-strlen.o)
                0x000000000301d2c0                strlen
 *fill*         0x000000000301d39c        0x4 
 .text          0x000000000301d3a0       0xe8 /home/li/Documents/tspi-linux-amp-sdk/prebuilts/gcc/linux-x86/arm/gcc-arm-none-eabi-10-2020-q4-major-x86_64-linux/bin/../lib/gcc/arm-none-eabi/10.2.1/../../../../arm-none-eabi/lib/thumb/v8-a+simd/hard/libc.a(lib_a-memchr.o)
                0x000000000301d3a0                memchr
 .text          0x000000000301d488       0x30 /home/li/Documents/tspi-linux-amp-sdk/prebuilts/gcc/linux-x86/arm/gcc-arm-none-eabi-10-2020-q4-major-x86_64-linux/bin/../lib/gcc/arm-none-eabi/10.2.1/thumb/v8-a+simd/hard/libgcc.a(_aeabi_uldivmod.o)
                0x000000000301d488                __aeabi_uldivmod
 .text          0x000000000301d4b8      0x364 /home/li/Documents/tspi-linux-amp-sdk/prebuilts/gcc/linux-x86/arm/gcc-arm-none-eabi-10-2020-q4-major-x86_64-linux/bin/../lib/gcc/arm-none-eabi/10.2.1/thumb/v8-a+simd/hard/libgcc.a(_udivmoddi4.o)
                0x000000000301d4b8                __udivmoddi4
 .text          0x000000000301d81c        0x4 /home/li/Documents/tspi-linux-amp-sdk/prebuilts/gcc/linux-x86/arm/gcc-arm-none-eabi-10-2020-q4-major-x86_64-linux/bin/../lib/gcc/arm-none-eabi/10.2.1/thumb/v8-a+simd/hard/libgcc.a(_dvmd_tls.o)
                0x000000000301d81c                __aeabi_ldiv0
                0x000000000301d81c                __aeabi_idiv0
 *(.text.*)
 .text.isr      0x000000000301d820       0xa8 build/cpu/context_gcc.o
                0x000000000301d820                rt_hw_context_switch
                0x000000000301d864                rt_hw_context_switch_interrupt
                0x000000000301d890                rt_hw_context_switch_exit
 *fill*         0x000000000301d8c8       0x18 
 .text.isr      0x000000000301d8e0      0x218 build/cpu/start_gcc.o
                0x000000000301d8e0                vector_fiq
                0x000000000301d900                vector_irq
                0x000000000301d9c0                vector_swi
                0x000000000301da00                vector_undef
                0x000000000301da40                vector_pabt
                0x000000000301da80                vector_dabt
                0x000000000301dac0                vector_resv
 .text.startup  0x000000000301daf8       0x20 build/applications/main.o
                0x000000000301daf8                main
 .text.unlikely
                0x000000000301db18       0x3c build/kernel/components/libc/compilers/newlib/syscalls.o
                0x000000000301db18                abort
 .text.atoi     0x000000000301db54        0x8 /home/li/Documents/tspi-linux-amp-sdk/prebuilts/gcc/linux-x86/arm/gcc-arm-none-eabi-10-2020-q4-major-x86_64-linux/bin/../lib/gcc/arm-none-eabi/10.2.1/../../../../arm-none-eabi/lib/thumb/v8-a+simd/hard/libc.a(lib_a-atoi.o)
                0x000000000301db54                atoi
 .text._fclose_r
                0x000000000301db5c       0xd0 /home/li/Documents/tspi-linux-amp-sdk/prebuilts/gcc/linux-x86/arm/gcc-arm-none-eabi-10-2020-q4-major-x86_64-linux/bin/../lib/gcc/arm-none-eabi/10.2.1/../../../../arm-none-eabi/lib/thumb/v8-a+simd/hard/libc.a(lib_a-fclose.o)
                0x000000000301db5c                _fclose_r
 .text.fclose   0x000000000301dc2c       0x10 /home/li/Documents/tspi-linux-amp-sdk/prebuilts/gcc/linux-x86/arm/gcc-arm-none-eabi-10-2020-q4-major-x86_64-linux/bin/../lib/gcc/arm-none-eabi/10.2.1/../../../../arm-none-eabi/lib/thumb/v8-a+simd/hard/libc.a(lib_a-fclose.o)
                0x000000000301dc2c                fclose
 .text.__sflush_r
                0x000000000301dc3c      0x148 /home/li/Documents/tspi-linux-amp-sdk/prebuilts/gcc/linux-x86/arm/gcc-arm-none-eabi-10-2020-q4-major-x86_64-linux/bin/../lib/gcc/arm-none-eabi/10.2.1/../../../../arm-none-eabi/lib/thumb/v8-a+simd/hard/libc.a(lib_a-fflush.o)
                0x000000000301dc3c                __sflush_r
 .text._fflush_r
                0x000000000301dd84       0x5c /home/li/Documents/tspi-linux-amp-sdk/prebuilts/gcc/linux-x86/arm/gcc-arm-none-eabi-10-2020-q4-major-x86_64-linux/bin/../lib/gcc/arm-none-eabi/10.2.1/../../../../arm-none-eabi/lib/thumb/v8-a+simd/hard/libc.a(lib_a-fflush.o)
                0x000000000301dd84                _fflush_r
 .text.fflush   0x000000000301dde0       0x78 /home/li/Documents/tspi-linux-amp-sdk/prebuilts/gcc/linux-x86/arm/gcc-arm-none-eabi-10-2020-q4-major-x86_64-linux/bin/../lib/gcc/arm-none-eabi/10.2.1/../../../../arm-none-eabi/lib/thumb/v8-a+simd/hard/libc.a(lib_a-fflush.o)
                0x000000000301dde0                fflush
 .text.fileno   0x000000000301de58       0x80 /home/li/Documents/tspi-linux-amp-sdk/prebuilts/gcc/linux-x86/arm/gcc-arm-none-eabi-10-2020-q4-major-x86_64-linux/bin/../lib/gcc/arm-none-eabi/10.2.1/../../../../arm-none-eabi/lib/thumb/v8-a+simd/hard/libc.a(lib_a-fileno.o)
                0x000000000301de58                fileno
 .text._cleanup_r
                0x000000000301ded8        0xc /home/li/Documents/tspi-linux-amp-sdk/prebuilts/gcc/linux-x86/arm/gcc-arm-none-eabi-10-2020-q4-major-x86_64-linux/bin/../lib/gcc/arm-none-eabi/10.2.1/../../../../arm-none-eabi/lib/thumb/v8-a+simd/hard/libc.a(lib_a-findfp.o)
                0x000000000301ded8                _cleanup_r
 .text.__sinit  0x000000000301dee4      0x11c /home/li/Documents/tspi-linux-amp-sdk/prebuilts/gcc/linux-x86/arm/gcc-arm-none-eabi-10-2020-q4-major-x86_64-linux/bin/../lib/gcc/arm-none-eabi/10.2.1/../../../../arm-none-eabi/lib/thumb/v8-a+simd/hard/libc.a(lib_a-findfp.o)
                0x000000000301dee4                __sinit
 .text.__sfp    0x000000000301e000       0xd4 /home/li/Documents/tspi-linux-amp-sdk/prebuilts/gcc/linux-x86/arm/gcc-arm-none-eabi-10-2020-q4-major-x86_64-linux/bin/../lib/gcc/arm-none-eabi/10.2.1/../../../../arm-none-eabi/lib/thumb/v8-a+simd/hard/libc.a(lib_a-findfp.o)
                0x000000000301e000                __sfp
 .text.__sfp_lock_acquire
                0x000000000301e0d4        0xc /home/li/Documents/tspi-linux-amp-sdk/prebuilts/gcc/linux-x86/arm/gcc-arm-none-eabi-10-2020-q4-major-x86_64-linux/bin/../lib/gcc/arm-none-eabi/10.2.1/../../../../arm-none-eabi/lib/thumb/v8-a+simd/hard/libc.a(lib_a-findfp.o)
                0x000000000301e0d4                __sfp_lock_acquire
 .text.__sfp_lock_release
                0x000000000301e0e0        0xc /home/li/Documents/tspi-linux-amp-sdk/prebuilts/gcc/linux-x86/arm/gcc-arm-none-eabi-10-2020-q4-major-x86_64-linux/bin/../lib/gcc/arm-none-eabi/10.2.1/../../../../arm-none-eabi/lib/thumb/v8-a+simd/hard/libc.a(lib_a-findfp.o)
                0x000000000301e0e0                __sfp_lock_release
 .text._fopen_r
                0x000000000301e0ec       0xc8 /home/li/Documents/tspi-linux-amp-sdk/prebuilts/gcc/linux-x86/arm/gcc-arm-none-eabi-10-2020-q4-major-x86_64-linux/bin/../lib/gcc/arm-none-eabi/10.2.1/../../../../arm-none-eabi/lib/thumb/v8-a+simd/hard/libc.a(lib_a-fopen.o)
                0x000000000301e0ec                _fopen_r
 .text.fopen    0x000000000301e1b4       0x14 /home/li/Documents/tspi-linux-amp-sdk/prebuilts/gcc/linux-x86/arm/gcc-arm-none-eabi-10-2020-q4-major-x86_64-linux/bin/../lib/gcc/arm-none-eabi/10.2.1/../../../../arm-none-eabi/lib/thumb/v8-a+simd/hard/libc.a(lib_a-fopen.o)
                0x000000000301e1b4                fopen
 .text._fseek_r
                0x000000000301e1c8        0x4 /home/li/Documents/tspi-linux-amp-sdk/prebuilts/gcc/linux-x86/arm/gcc-arm-none-eabi-10-2020-q4-major-x86_64-linux/bin/../lib/gcc/arm-none-eabi/10.2.1/../../../../arm-none-eabi/lib/thumb/v8-a+simd/hard/libc.a(lib_a-fseek.o)
                0x000000000301e1c8                _fseek_r
 .text._fseeko_r
                0x000000000301e1cc      0x2f8 /home/li/Documents/tspi-linux-amp-sdk/prebuilts/gcc/linux-x86/arm/gcc-arm-none-eabi-10-2020-q4-major-x86_64-linux/bin/../lib/gcc/arm-none-eabi/10.2.1/../../../../arm-none-eabi/lib/thumb/v8-a+simd/hard/libc.a(lib_a-fseeko.o)
                0x000000000301e1cc                _fseeko_r
 .text._ftello_r
                0x000000000301e4c4       0xd8 /home/li/Documents/tspi-linux-amp-sdk/prebuilts/gcc/linux-x86/arm/gcc-arm-none-eabi-10-2020-q4-major-x86_64-linux/bin/../lib/gcc/arm-none-eabi/10.2.1/../../../../arm-none-eabi/lib/thumb/v8-a+simd/hard/libc.a(lib_a-ftello.o)
                0x000000000301e4c4                _ftello_r
 .text._fwalk   0x000000000301e59c       0x3c /home/li/Documents/tspi-linux-amp-sdk/prebuilts/gcc/linux-x86/arm/gcc-arm-none-eabi-10-2020-q4-major-x86_64-linux/bin/../lib/gcc/arm-none-eabi/10.2.1/../../../../arm-none-eabi/lib/thumb/v8-a+simd/hard/libc.a(lib_a-fwalk.o)
                0x000000000301e59c                _fwalk
 .text._fwalk_reent
                0x000000000301e5d8       0x40 /home/li/Documents/tspi-linux-amp-sdk/prebuilts/gcc/linux-x86/arm/gcc-arm-none-eabi-10-2020-q4-major-x86_64-linux/bin/../lib/gcc/arm-none-eabi/10.2.1/../../../../arm-none-eabi/lib/thumb/v8-a+simd/hard/libc.a(lib_a-fwalk.o)
                0x000000000301e5d8                _fwalk_reent
 .text.getchar  0x000000000301e618       0x10 /home/li/Documents/tspi-linux-amp-sdk/prebuilts/gcc/linux-x86/arm/gcc-arm-none-eabi-10-2020-q4-major-x86_64-linux/bin/../lib/gcc/arm-none-eabi/10.2.1/../../../../arm-none-eabi/lib/thumb/v8-a+simd/hard/libc.a(lib_a-getchar.o)
                0x000000000301e618                getchar
 .text.getopt_internal
                0x000000000301e628      0x704 /home/li/Documents/tspi-linux-amp-sdk/prebuilts/gcc/linux-x86/arm/gcc-arm-none-eabi-10-2020-q4-major-x86_64-linux/bin/../lib/gcc/arm-none-eabi/10.2.1/../../../../arm-none-eabi/lib/thumb/v8-a+simd/hard/libc.a(lib_a-getopt.o)
 .text.getopt   0x000000000301ed2c       0xa0 /home/li/Documents/tspi-linux-amp-sdk/prebuilts/gcc/linux-x86/arm/gcc-arm-none-eabi-10-2020-q4-major-x86_64-linux/bin/../lib/gcc/arm-none-eabi/10.2.1/../../../../arm-none-eabi/lib/thumb/v8-a+simd/hard/libc.a(lib_a-getopt.o)
                0x000000000301ed2c                getopt
 .text.__retarget_lock_init_recursive
                0x000000000301edcc        0x4 /home/li/Documents/tspi-linux-amp-sdk/prebuilts/gcc/linux-x86/arm/gcc-arm-none-eabi-10-2020-q4-major-x86_64-linux/bin/../lib/gcc/arm-none-eabi/10.2.1/../../../../arm-none-eabi/lib/thumb/v8-a+simd/hard/libc.a(lib_a-lock.o)
                0x000000000301edcc                __retarget_lock_init_recursive
 .text.__retarget_lock_close_recursive
                0x000000000301edd0        0x4 /home/li/Documents/tspi-linux-amp-sdk/prebuilts/gcc/linux-x86/arm/gcc-arm-none-eabi-10-2020-q4-major-x86_64-linux/bin/../lib/gcc/arm-none-eabi/10.2.1/../../../../arm-none-eabi/lib/thumb/v8-a+simd/hard/libc.a(lib_a-lock.o)
                0x000000000301edd0                __retarget_lock_close_recursive
 .text.__retarget_lock_acquire_recursive
                0x000000000301edd4        0x4 /home/li/Documents/tspi-linux-amp-sdk/prebuilts/gcc/linux-x86/arm/gcc-arm-none-eabi-10-2020-q4-major-x86_64-linux/bin/../lib/gcc/arm-none-eabi/10.2.1/../../../../arm-none-eabi/lib/thumb/v8-a+simd/hard/libc.a(lib_a-lock.o)
                0x000000000301edd4                __retarget_lock_acquire_recursive
 .text.__retarget_lock_release_recursive
                0x000000000301edd8        0x4 /home/li/Documents/tspi-linux-amp-sdk/prebuilts/gcc/linux-x86/arm/gcc-arm-none-eabi-10-2020-q4-major-x86_64-linux/bin/../lib/gcc/arm-none-eabi/10.2.1/../../../../arm-none-eabi/lib/thumb/v8-a+simd/hard/libc.a(lib_a-lock.o)
                0x000000000301edd8                __retarget_lock_release_recursive
 .text.__smakebuf_r
                0x000000000301eddc       0xe4 /home/li/Documents/tspi-linux-amp-sdk/prebuilts/gcc/linux-x86/arm/gcc-arm-none-eabi-10-2020-q4-major-x86_64-linux/bin/../lib/gcc/arm-none-eabi/10.2.1/../../../../arm-none-eabi/lib/thumb/v8-a+simd/hard/libc.a(lib_a-makebuf.o)
                0x000000000301eddc                __smakebuf_r
 .text.__swhatbuf_r
                0x000000000301eec0       0x60 /home/li/Documents/tspi-linux-amp-sdk/prebuilts/gcc/linux-x86/arm/gcc-arm-none-eabi-10-2020-q4-major-x86_64-linux/bin/../lib/gcc/arm-none-eabi/10.2.1/../../../../arm-none-eabi/lib/thumb/v8-a+simd/hard/libc.a(lib_a-makebuf.o)
                0x000000000301eec0                __swhatbuf_r
 .text.memcmp   0x000000000301ef20       0x60 /home/li/Documents/tspi-linux-amp-sdk/prebuilts/gcc/linux-x86/arm/gcc-arm-none-eabi-10-2020-q4-major-x86_64-linux/bin/../lib/gcc/arm-none-eabi/10.2.1/../../../../arm-none-eabi/lib/thumb/v8-a+simd/hard/libc.a(lib_a-memcmp.o)
                0x000000000301ef20                memcmp
 .text.memset   0x000000000301ef80       0xa4 /home/li/Documents/tspi-linux-amp-sdk/prebuilts/gcc/linux-x86/arm/gcc-arm-none-eabi-10-2020-q4-major-x86_64-linux/bin/../lib/gcc/arm-none-eabi/10.2.1/../../../../arm-none-eabi/lib/thumb/v8-a+simd/hard/libc.a(lib_a-memset.o)
                0x000000000301ef80                memset
 .text.printf   0x000000000301f024       0x28 /home/li/Documents/tspi-linux-amp-sdk/prebuilts/gcc/linux-x86/arm/gcc-arm-none-eabi-10-2020-q4-major-x86_64-linux/bin/../lib/gcc/arm-none-eabi/10.2.1/../../../../arm-none-eabi/lib/thumb/v8-a+simd/hard/libc.a(lib_a-printf.o)
                0x000000000301f024                printf
 .text.putenv   0x000000000301f04c       0x10 /home/li/Documents/tspi-linux-amp-sdk/prebuilts/gcc/linux-x86/arm/gcc-arm-none-eabi-10-2020-q4-major-x86_64-linux/bin/../lib/gcc/arm-none-eabi/10.2.1/../../../../arm-none-eabi/lib/thumb/v8-a+simd/hard/libc.a(lib_a-putenv.o)
                0x000000000301f04c                putenv
 .text._putenv_r
                0x000000000301f05c       0x48 /home/li/Documents/tspi-linux-amp-sdk/prebuilts/gcc/linux-x86/arm/gcc-arm-none-eabi-10-2020-q4-major-x86_64-linux/bin/../lib/gcc/arm-none-eabi/10.2.1/../../../../arm-none-eabi/lib/thumb/v8-a+simd/hard/libc.a(lib_a-putenv_r.o)
                0x000000000301f05c                _putenv_r
 .text.lflush   0x000000000301f0a4       0x14 /home/li/Documents/tspi-linux-amp-sdk/prebuilts/gcc/linux-x86/arm/gcc-arm-none-eabi-10-2020-q4-major-x86_64-linux/bin/../lib/gcc/arm-none-eabi/10.2.1/../../../../arm-none-eabi/lib/thumb/v8-a+simd/hard/libc.a(lib_a-refill.o)
 .text.__srefill_r
                0x000000000301f0b8      0x120 /home/li/Documents/tspi-linux-amp-sdk/prebuilts/gcc/linux-x86/arm/gcc-arm-none-eabi-10-2020-q4-major-x86_64-linux/bin/../lib/gcc/arm-none-eabi/10.2.1/../../../../arm-none-eabi/lib/thumb/v8-a+simd/hard/libc.a(lib_a-refill.o)
                0x000000000301f0b8                __srefill_r
 .text._setenv_r
                0x000000000301f1d8      0x180 /home/li/Documents/tspi-linux-amp-sdk/prebuilts/gcc/linux-x86/arm/gcc-arm-none-eabi-10-2020-q4-major-x86_64-linux/bin/../lib/gcc/arm-none-eabi/10.2.1/../../../../arm-none-eabi/lib/thumb/v8-a+simd/hard/libc.a(lib_a-setenv_r.o)
                0x000000000301f1d8                _setenv_r
 .text.setvbuf  0x000000000301f358      0x1a8 /home/li/Documents/tspi-linux-amp-sdk/prebuilts/gcc/linux-x86/arm/gcc-arm-none-eabi-10-2020-q4-major-x86_64-linux/bin/../lib/gcc/arm-none-eabi/10.2.1/../../../../arm-none-eabi/lib/thumb/v8-a+simd/hard/libc.a(lib_a-setvbuf.o)
                0x000000000301f358                setvbuf
 .text.snprintf
                0x000000000301f500       0x88 /home/li/Documents/tspi-linux-amp-sdk/prebuilts/gcc/linux-x86/arm/gcc-arm-none-eabi-10-2020-q4-major-x86_64-linux/bin/../lib/gcc/arm-none-eabi/10.2.1/../../../../arm-none-eabi/lib/thumb/v8-a+simd/hard/libc.a(lib_a-snprintf.o)
                0x000000000301f500                snprintf
 .text.__sread  0x000000000301f588       0x24 /home/li/Documents/tspi-linux-amp-sdk/prebuilts/gcc/linux-x86/arm/gcc-arm-none-eabi-10-2020-q4-major-x86_64-linux/bin/../lib/gcc/arm-none-eabi/10.2.1/../../../../arm-none-eabi/lib/thumb/v8-a+simd/hard/libc.a(lib_a-stdio.o)
                0x000000000301f588                __sread
 .text.__swrite
                0x000000000301f5ac       0x40 /home/li/Documents/tspi-linux-amp-sdk/prebuilts/gcc/linux-x86/arm/gcc-arm-none-eabi-10-2020-q4-major-x86_64-linux/bin/../lib/gcc/arm-none-eabi/10.2.1/../../../../arm-none-eabi/lib/thumb/v8-a+simd/hard/libc.a(lib_a-stdio.o)
                0x000000000301f5ac                __swrite
 .text.__sseek  0x000000000301f5ec       0x24 /home/li/Documents/tspi-linux-amp-sdk/prebuilts/gcc/linux-x86/arm/gcc-arm-none-eabi-10-2020-q4-major-x86_64-linux/bin/../lib/gcc/arm-none-eabi/10.2.1/../../../../arm-none-eabi/lib/thumb/v8-a+simd/hard/libc.a(lib_a-stdio.o)
                0x000000000301f5ec                __sseek
 .text.__sclose
                0x000000000301f610        0x8 /home/li/Documents/tspi-linux-amp-sdk/prebuilts/gcc/linux-x86/arm/gcc-arm-none-eabi-10-2020-q4-major-x86_64-linux/bin/../lib/gcc/arm-none-eabi/10.2.1/../../../../arm-none-eabi/lib/thumb/v8-a+simd/hard/libc.a(lib_a-stdio.o)
                0x000000000301f610                __sclose
 .text.strchr   0x000000000301f618       0xcc /home/li/Documents/tspi-linux-amp-sdk/prebuilts/gcc/linux-x86/arm/gcc-arm-none-eabi-10-2020-q4-major-x86_64-linux/bin/../lib/gcc/arm-none-eabi/10.2.1/../../../../arm-none-eabi/lib/thumb/v8-a+simd/hard/libc.a(lib_a-strchr.o)
                0x000000000301f618                strchr
 .text.strcpy   0x000000000301f6e4       0xc4 /home/li/Documents/tspi-linux-amp-sdk/prebuilts/gcc/linux-x86/arm/gcc-arm-none-eabi-10-2020-q4-major-x86_64-linux/bin/../lib/gcc/arm-none-eabi/10.2.1/../../../../arm-none-eabi/lib/thumb/v8-a+simd/hard/libc.a(lib_a-strcpy.o)
                0x000000000301f6e4                strcpy
 .text._strdup_r
                0x000000000301f7a8       0x28 /home/li/Documents/tspi-linux-amp-sdk/prebuilts/gcc/linux-x86/arm/gcc-arm-none-eabi-10-2020-q4-major-x86_64-linux/bin/../lib/gcc/arm-none-eabi/10.2.1/../../../../arm-none-eabi/lib/thumb/v8-a+simd/hard/libc.a(lib_a-strdup_r.o)
                0x000000000301f7a8                _strdup_r
 .text.strncmp  0x000000000301f7d0       0x7c /home/li/Documents/tspi-linux-amp-sdk/prebuilts/gcc/linux-x86/arm/gcc-arm-none-eabi-10-2020-q4-major-x86_64-linux/bin/../lib/gcc/arm-none-eabi/10.2.1/../../../../arm-none-eabi/lib/thumb/v8-a+simd/hard/libc.a(lib_a-strncmp.o)
                0x000000000301f7d0                strncmp
 .text.strncpy  0x000000000301f84c       0x70 /home/li/Documents/tspi-linux-amp-sdk/prebuilts/gcc/linux-x86/arm/gcc-arm-none-eabi-10-2020-q4-major-x86_64-linux/bin/../lib/gcc/arm-none-eabi/10.2.1/../../../../arm-none-eabi/lib/thumb/v8-a+simd/hard/libc.a(lib_a-strncpy.o)
                0x000000000301f84c                strncpy
 .text.strrchr  0x000000000301f8bc       0x24 /home/li/Documents/tspi-linux-amp-sdk/prebuilts/gcc/linux-x86/arm/gcc-arm-none-eabi-10-2020-q4-major-x86_64-linux/bin/../lib/gcc/arm-none-eabi/10.2.1/../../../../arm-none-eabi/lib/thumb/v8-a+simd/hard/libc.a(lib_a-strrchr.o)
                0x000000000301f8bc                strrchr
 .text.two_way_long_needle
                0x000000000301f8e0      0x2c8 /home/li/Documents/tspi-linux-amp-sdk/prebuilts/gcc/linux-x86/arm/gcc-arm-none-eabi-10-2020-q4-major-x86_64-linux/bin/../lib/gcc/arm-none-eabi/10.2.1/../../../../arm-none-eabi/lib/thumb/v8-a+simd/hard/libc.a(lib_a-strstr.o)
 .text.strstr   0x000000000301fba8      0x16c /home/li/Documents/tspi-linux-amp-sdk/prebuilts/gcc/linux-x86/arm/gcc-arm-none-eabi-10-2020-q4-major-x86_64-linux/bin/../lib/gcc/arm-none-eabi/10.2.1/../../../../arm-none-eabi/lib/thumb/v8-a+simd/hard/libc.a(lib_a-strstr.o)
                0x000000000301fba8                strstr
 .text._strtol_l.part.0
                0x000000000301fd14      0x120 /home/li/Documents/tspi-linux-amp-sdk/prebuilts/gcc/linux-x86/arm/gcc-arm-none-eabi-10-2020-q4-major-x86_64-linux/bin/../lib/gcc/arm-none-eabi/10.2.1/../../../../arm-none-eabi/lib/thumb/v8-a+simd/hard/libc.a(lib_a-strtol.o)
 .text.strtol   0x000000000301fe34       0x44 /home/li/Documents/tspi-linux-amp-sdk/prebuilts/gcc/linux-x86/arm/gcc-arm-none-eabi-10-2020-q4-major-x86_64-linux/bin/../lib/gcc/arm-none-eabi/10.2.1/../../../../arm-none-eabi/lib/thumb/v8-a+simd/hard/libc.a(lib_a-strtol.o)
                0x000000000301fe34                strtol
 .text._strtoul_l.constprop.0
                0x000000000301fe78      0x138 /home/li/Documents/tspi-linux-amp-sdk/prebuilts/gcc/linux-x86/arm/gcc-arm-none-eabi-10-2020-q4-major-x86_64-linux/bin/../lib/gcc/arm-none-eabi/10.2.1/../../../../arm-none-eabi/lib/thumb/v8-a+simd/hard/libc.a(lib_a-strtoul.o)
 .text.strtoul  0x000000000301ffb0       0x20 /home/li/Documents/tspi-linux-amp-sdk/prebuilts/gcc/linux-x86/arm/gcc-arm-none-eabi-10-2020-q4-major-x86_64-linux/bin/../lib/gcc/arm-none-eabi/10.2.1/../../../../arm-none-eabi/lib/thumb/v8-a+simd/hard/libc.a(lib_a-strtoul.o)
                0x000000000301ffb0                strtoul
 .text._svfprintf_r
                0x000000000301ffd0     0x1920 /home/li/Documents/tspi-linux-amp-sdk/prebuilts/gcc/linux-x86/arm/gcc-arm-none-eabi-10-2020-q4-major-x86_64-linux/bin/../lib/gcc/arm-none-eabi/10.2.1/../../../../arm-none-eabi/lib/thumb/v8-a+simd/hard/libc.a(lib_a-svfprintf.o)
                0x000000000301ffd0                _svfprintf_r
 .text._vfprintf_r
                0x00000000030218f0     0x19e8 /home/li/Documents/tspi-linux-amp-sdk/prebuilts/gcc/linux-x86/arm/gcc-arm-none-eabi-10-2020-q4-major-x86_64-linux/bin/../lib/gcc/arm-none-eabi/10.2.1/../../../../arm-none-eabi/lib/thumb/v8-a+simd/hard/libc.a(lib_a-vfprintf.o)
                0x00000000030218f0                _vfprintf_r
 .text.__sbprintf
                0x00000000030232d8       0x84 /home/li/Documents/tspi-linux-amp-sdk/prebuilts/gcc/linux-x86/arm/gcc-arm-none-eabi-10-2020-q4-major-x86_64-linux/bin/../lib/gcc/arm-none-eabi/10.2.1/../../../../arm-none-eabi/lib/thumb/v8-a+simd/hard/libc.a(lib_a-vfprintf.o)
 .text.__swsetup_r
                0x000000000302335c       0xd8 /home/li/Documents/tspi-linux-amp-sdk/prebuilts/gcc/linux-x86/arm/gcc-arm-none-eabi-10-2020-q4-major-x86_64-linux/bin/../lib/gcc/arm-none-eabi/10.2.1/../../../../arm-none-eabi/lib/thumb/v8-a+simd/hard/libc.a(lib_a-wsetup.o)
                0x000000000302335c                __swsetup_r
 .text.quorem   0x0000000003023434      0x120 /home/li/Documents/tspi-linux-amp-sdk/prebuilts/gcc/linux-x86/arm/gcc-arm-none-eabi-10-2020-q4-major-x86_64-linux/bin/../lib/gcc/arm-none-eabi/10.2.1/../../../../arm-none-eabi/lib/thumb/v8-a+simd/hard/libc.a(lib_a-dtoa.o)
 *fill*         0x0000000003023554        0x4 
 .text._dtoa_r  0x0000000003023558      0xd20 /home/li/Documents/tspi-linux-amp-sdk/prebuilts/gcc/linux-x86/arm/gcc-arm-none-eabi-10-2020-q4-major-x86_64-linux/bin/../lib/gcc/arm-none-eabi/10.2.1/../../../../arm-none-eabi/lib/thumb/v8-a+simd/hard/libc.a(lib_a-dtoa.o)
                0x0000000003023558                _dtoa_r
 .text.__env_lock